Archive member included because of file (symbol)

c:/freescale/kds_v3/toolchain/bin/../lib/gcc/arm-none-eabi/4.8.4/../../../../arm-none-eabi/lib/armv7e-m/fpu\libg_s.a(lib_a-exit.o)
                              c:/freescale/kds_v3/toolchain/bin/../lib/gcc/arm-none-eabi/4.8.4/../../../../arm-none-eabi/lib/armv7e-m/fpu/crt0.o (exit)
c:/freescale/kds_v3/toolchain/bin/../lib/gcc/arm-none-eabi/4.8.4/../../../../arm-none-eabi/lib/armv7e-m/fpu\libg_s.a(lib_a-impure.o)
                              c:/freescale/kds_v3/toolchain/bin/../lib/gcc/arm-none-eabi/4.8.4/../../../../arm-none-eabi/lib/armv7e-m/fpu\libg_s.a(lib_a-exit.o) (_global_impure_ptr)
c:/freescale/kds_v3/toolchain/bin/../lib/gcc/arm-none-eabi/4.8.4/../../../../arm-none-eabi/lib/armv7e-m/fpu\libg_s.a(lib_a-init.o)
                              c:/freescale/kds_v3/toolchain/bin/../lib/gcc/arm-none-eabi/4.8.4/../../../../arm-none-eabi/lib/armv7e-m/fpu/crt0.o (__libc_init_array)
c:/freescale/kds_v3/toolchain/bin/../lib/gcc/arm-none-eabi/4.8.4/../../../../arm-none-eabi/lib/armv7e-m/fpu\libg_s.a(lib_a-memcmp.o)
                              ./lwip/src/netif/ethernet.o (memcmp)
c:/freescale/kds_v3/toolchain/bin/../lib/gcc/arm-none-eabi/4.8.4/../../../../arm-none-eabi/lib/armv7e-m/fpu\libg_s.a(lib_a-memcpy-stub.o)
                              ./lwip/src/core/ipv4/etharp.o (memcpy)
c:/freescale/kds_v3/toolchain/bin/../lib/gcc/arm-none-eabi/4.8.4/../../../../arm-none-eabi/lib/armv7e-m/fpu\libg_s.a(lib_a-memset.o)
                              c:/freescale/kds_v3/toolchain/bin/../lib/gcc/arm-none-eabi/4.8.4/../../../../arm-none-eabi/lib/armv7e-m/fpu/crt0.o (memset)
c:/freescale/kds_v3/toolchain/bin/../lib/gcc/arm-none-eabi/4.8.4/../../../../arm-none-eabi/lib/armv7e-m/fpu\libg_s.a(lib_a-strlen.o)
                              ./utilities/fsl_debug_console.o (strlen)
c:/freescale/kds_v3/toolchain/bin/../lib/gcc/arm-none-eabi/4.8.4/armv7e-m/fpu\libgcc.a(_aeabi_uldivmod.o)
                              ./lwip/port/sys_arch.o (__aeabi_uldivmod)
c:/freescale/kds_v3/toolchain/bin/../lib/gcc/arm-none-eabi/4.8.4/armv7e-m/fpu\libgcc.a(bpabi.o)
                              c:/freescale/kds_v3/toolchain/bin/../lib/gcc/arm-none-eabi/4.8.4/armv7e-m/fpu\libgcc.a(_aeabi_uldivmod.o) (__gnu_uldivmod_helper)
c:/freescale/kds_v3/toolchain/bin/../lib/gcc/arm-none-eabi/4.8.4/armv7e-m/fpu\libgcc.a(_dvmd_tls.o)
                              c:/freescale/kds_v3/toolchain/bin/../lib/gcc/arm-none-eabi/4.8.4/armv7e-m/fpu\libgcc.a(_aeabi_uldivmod.o) (__aeabi_ldiv0)
c:/freescale/kds_v3/toolchain/bin/../lib/gcc/arm-none-eabi/4.8.4/armv7e-m/fpu\libgcc.a(_divdi3.o)
                              c:/freescale/kds_v3/toolchain/bin/../lib/gcc/arm-none-eabi/4.8.4/armv7e-m/fpu\libgcc.a(bpabi.o) (__divdi3)
c:/freescale/kds_v3/toolchain/bin/../lib/gcc/arm-none-eabi/4.8.4/armv7e-m/fpu\libgcc.a(_udivdi3.o)
                              c:/freescale/kds_v3/toolchain/bin/../lib/gcc/arm-none-eabi/4.8.4/armv7e-m/fpu\libgcc.a(bpabi.o) (__udivdi3)
c:/freescale/kds_v3/toolchain/bin/../lib/gcc/arm-none-eabi/4.8.4/../../../../arm-none-eabi/lib/armv7e-m/fpu\libnosys.a(_exit.o)
                              c:/freescale/kds_v3/toolchain/bin/../lib/gcc/arm-none-eabi/4.8.4/../../../../arm-none-eabi/lib/armv7e-m/fpu\libg_s.a(lib_a-exit.o) (_exit)

Discarded input sections

 .text          0x00000000        0x0 c:/freescale/kds_v3/toolchain/bin/../lib/gcc/arm-none-eabi/4.8.4/armv7e-m/fpu/crti.o
 .data          0x00000000        0x0 c:/freescale/kds_v3/toolchain/bin/../lib/gcc/arm-none-eabi/4.8.4/armv7e-m/fpu/crti.o
 .bss           0x00000000        0x0 c:/freescale/kds_v3/toolchain/bin/../lib/gcc/arm-none-eabi/4.8.4/armv7e-m/fpu/crti.o
 .data          0x00000000        0x4 c:/freescale/kds_v3/toolchain/bin/../lib/gcc/arm-none-eabi/4.8.4/armv7e-m/fpu/crtbegin.o
 .data          0x00000000        0x0 c:/freescale/kds_v3/toolchain/bin/../lib/gcc/arm-none-eabi/4.8.4/../../../../arm-none-eabi/lib/armv7e-m/fpu/crt0.o
 .bss           0x00000000        0x0 c:/freescale/kds_v3/toolchain/bin/../lib/gcc/arm-none-eabi/4.8.4/../../../../arm-none-eabi/lib/armv7e-m/fpu/crt0.o
 .ARM.extab     0x00000000        0x0 c:/freescale/kds_v3/toolchain/bin/../lib/gcc/arm-none-eabi/4.8.4/../../../../arm-none-eabi/lib/armv7e-m/fpu/crt0.o
 .text          0x00000000        0x0 ./utilities/fsl_debug_console.o
 .data          0x00000000        0x0 ./utilities/fsl_debug_console.o
 .bss           0x00000000        0x0 ./utilities/fsl_debug_console.o
 .text.DbgConsole_Deinit
                0x00000000       0x48 ./utilities/fsl_debug_console.o
 .text.DbgConsole_Scanf
                0x00000000       0xb8 ./utilities/fsl_debug_console.o
 .text.DbgConsole_Getchar
                0x00000000       0x38 ./utilities/fsl_debug_console.o
 .text.DbgConsole_ScanIgnoreWhiteSpace
                0x00000000       0x60 ./utilities/fsl_debug_console.o
 .text.DbgConsole_ScanfFormattedData
                0x00000000      0x620 ./utilities/fsl_debug_console.o
[...]
Memory Configuration

Name             Origin             Length             Attributes
m_interrupts     0x00000000         0x00000400         xr
m_flash_config   0x00000400         0x00000010         xr
m_text           0x00000410         0x000ffbf0         xr
m_data           0x1fff0000         0x00010000         rw
m_data_2         0x20000000         0x00030000         rw
*default*        0x00000000         0xffffffff

Linker script and memory map

LOAD c:/freescale/kds_v3/toolchain/bin/../lib/gcc/arm-none-eabi/4.8.4/armv7e-m/fpu/crti.o
LOAD c:/freescale/kds_v3/toolchain/bin/../lib/gcc/arm-none-eabi/4.8.4/armv7e-m/fpu/crtbegin.o
LOAD c:/freescale/kds_v3/toolchain/bin/../lib/gcc/arm-none-eabi/4.8.4/../../../../arm-none-eabi/lib/armv7e-m/fpu/crt0.o
                0x00000001                __ram_vector_table__ = 0x1
START GROUP
LOAD ./utilities/fsl_debug_console.o
LOAD ./startup/startup_MK64F12.o
LOAD ./startup/system_MK64F12.o
LOAD ./source/lwip_tcpecho_bm.o
LOAD ./lwip_tcpecho_raw/tcpecho_raw.o
LOAD ./lwip/src/netif/ppp/auth.o
LOAD ./lwip/src/netif/ppp/ccp.o
LOAD ./lwip/src/netif/ppp/chap-md5.o
LOAD ./lwip/src/netif/ppp/chap-new.o
LOAD ./lwip/src/netif/ppp/chap_ms.o
LOAD ./lwip/src/netif/ppp/demand.o
LOAD ./lwip/src/netif/ppp/eap.o
LOAD ./lwip/src/netif/ppp/eui64.o
LOAD ./lwip/src/netif/ppp/fsm.o
LOAD ./lwip/src/netif/ppp/ipcp.o
LOAD ./lwip/src/netif/ppp/ipv6cp.o
LOAD ./lwip/src/netif/ppp/lcp.o
LOAD ./lwip/src/netif/ppp/lwip_ecp.o
LOAD ./lwip/src/netif/ppp/magic.o
LOAD ./lwip/src/netif/ppp/mppe.o
LOAD ./lwip/src/netif/ppp/multilink.o
LOAD ./lwip/src/netif/ppp/ppp.o
LOAD ./lwip/src/netif/ppp/pppapi.o
LOAD ./lwip/src/netif/ppp/pppcrypt.o
LOAD ./lwip/src/netif/ppp/pppoe.o
LOAD ./lwip/src/netif/ppp/pppol2tp.o
LOAD ./lwip/src/netif/ppp/pppos.o
LOAD ./lwip/src/netif/ppp/upap.o
LOAD ./lwip/src/netif/ppp/utils.o
LOAD ./lwip/src/netif/ppp/vj.o
LOAD ./lwip/src/netif/ethernet.o
LOAD ./lwip/src/netif/lowpan6.o
LOAD ./lwip/src/netif/slipif.o
LOAD ./lwip/src/core/ipv6/dhcp6.o
LOAD ./lwip/src/core/ipv6/ethip6.o
LOAD ./lwip/src/core/ipv6/icmp6.o
LOAD ./lwip/src/core/ipv6/inet6.o
LOAD ./lwip/src/core/ipv6/ip6.o
LOAD ./lwip/src/core/ipv6/ip6_addr.o
LOAD ./lwip/src/core/ipv6/ip6_frag.o
LOAD ./lwip/src/core/ipv6/mld6.o
LOAD ./lwip/src/core/ipv6/nd6.o
LOAD ./lwip/src/core/ipv4/autoip.o
LOAD ./lwip/src/core/ipv4/dhcp.o
LOAD ./lwip/src/core/ipv4/etharp.o
LOAD ./lwip/src/core/ipv4/icmp.o
LOAD ./lwip/src/core/ipv4/igmp.o
LOAD ./lwip/src/core/ipv4/ip4.o
LOAD ./lwip/src/core/ipv4/ip4_addr.o
LOAD ./lwip/src/core/ipv4/ip4_frag.o
LOAD ./lwip/src/core/def.o
LOAD ./lwip/src/core/dns.o
LOAD ./lwip/src/core/inet_chksum.o
LOAD ./lwip/src/core/init.o
LOAD ./lwip/src/core/ip.o
LOAD ./lwip/src/core/mem.o
LOAD ./lwip/src/core/memp.o
LOAD ./lwip/src/core/netif.o
LOAD ./lwip/src/core/pbuf.o
LOAD ./lwip/src/core/raw.o
LOAD ./lwip/src/core/stats.o
LOAD ./lwip/src/core/sys.o
LOAD ./lwip/src/core/tcp.o
LOAD ./lwip/src/core/tcp_in.o
LOAD ./lwip/src/core/tcp_out.o
LOAD ./lwip/src/core/timeouts.o
LOAD ./lwip/src/core/udp.o
LOAD ./lwip/src/api/api_lib.o
LOAD ./lwip/src/api/api_msg.o
LOAD ./lwip/src/api/err.o
LOAD ./lwip/src/api/netbuf.o
LOAD ./lwip/src/api/netdb.o
LOAD ./lwip/src/api/netifapi.o
LOAD ./lwip/src/api/sockets.o
LOAD ./lwip/src/api/tcpip.o
LOAD ./lwip/port/ethernetif.o
LOAD ./lwip/port/sys_arch.o
LOAD ./drivers/fsl_clock.o
LOAD ./drivers/fsl_common.o
LOAD ./drivers/fsl_enet.o
LOAD ./drivers/fsl_flash.o
LOAD ./drivers/fsl_gpio.o
LOAD ./drivers/fsl_pit.o
LOAD ./drivers/fsl_sim.o
LOAD ./drivers/fsl_smc.o
LOAD ./drivers/fsl_uart.o
LOAD ./board/board.o
LOAD ./board/clock_config.o
LOAD ./board/fsl_phy.o
LOAD ./board/pin_mux.o
LOAD c:/freescale/kds_v3/toolchain/bin/../lib/gcc/arm-none-eabi/4.8.4/../../../../arm-none-eabi/lib/armv7e-m/fpu\libg_s.a
LOAD c:/freescale/kds_v3/toolchain/bin/../lib/gcc/arm-none-eabi/4.8.4/armv7e-m/fpu\libgcc.a
LOAD c:/freescale/kds_v3/toolchain/bin/../lib/gcc/arm-none-eabi/4.8.4/../../../../arm-none-eabi/lib/armv7e-m/fpu\libnosys.a
END GROUP
LOAD c:/freescale/kds_v3/toolchain/bin/../lib/gcc/arm-none-eabi/4.8.4/../../../../arm-none-eabi/lib/armv7e-m/fpu\libstdc++_s.a
LOAD c:/freescale/kds_v3/toolchain/bin/../lib/gcc/arm-none-eabi/4.8.4/../../../../arm-none-eabi/lib/armv7e-m/fpu\libm.a
START GROUP
LOAD c:/freescale/kds_v3/toolchain/bin/../lib/gcc/arm-none-eabi/4.8.4/armv7e-m/fpu\libgcc.a
LOAD c:/freescale/kds_v3/toolchain/bin/../lib/gcc/arm-none-eabi/4.8.4/../../../../arm-none-eabi/lib/armv7e-m/fpu\libg_s.a
LOAD c:/freescale/kds_v3/toolchain/bin/../lib/gcc/arm-none-eabi/4.8.4/../../../../arm-none-eabi/lib/armv7e-m/fpu\libc_s.a
END GROUP
START GROUP
LOAD c:/freescale/kds_v3/toolchain/bin/../lib/gcc/arm-none-eabi/4.8.4/armv7e-m/fpu\libgcc.a
LOAD c:/freescale/kds_v3/toolchain/bin/../lib/gcc/arm-none-eabi/4.8.4/../../../../arm-none-eabi/lib/armv7e-m/fpu\libc_s.a
END GROUP
LOAD c:/freescale/kds_v3/toolchain/bin/../lib/gcc/arm-none-eabi/4.8.4/armv7e-m/fpu/crtend.o
LOAD c:/freescale/kds_v3/toolchain/bin/../lib/gcc/arm-none-eabi/4.8.4/armv7e-m/fpu/crtn.o
                0x00001000                HEAP_SIZE = DEFINED (__heap_size__)?__heap_size__:0x1000
                0x00001000                STACK_SIZE = DEFINED (__stack_size__)?__stack_size__:0x1000
                0x00000000                M_VECTOR_RAM_SIZE = DEFINED (__ram_vector_table__)?0x400:0x0

.interrupts     0x00000000      0x400
                0x00000000                __VECTOR_TABLE = .
                0x00000000                . = ALIGN (0x4)
 *(.isr_vector)
 .isr_vector    0x00000000      0x400 ./startup/startup_MK64F12.o
                0x00000000                __isr_vector
                0x00000400                . = ALIGN (0x4)

.flash_config   0x00000400       0x10
                0x00000400                . = ALIGN (0x4)
 *(.FlashConfig)
 .FlashConfig   0x00000400       0x10 ./startup/startup_MK64F12.o
                0x00000410                . = ALIGN (0x4)

.text           0x00000410    0x10bc0
                0x00000410                . = ALIGN (0x4)
 *(.text)
 .text          0x00000410       0x54 c:/freescale/kds_v3/toolchain/bin/../lib/gcc/arm-none-eabi/4.8.4/armv7e-m/fpu/crtbegin.o
 .text          0x00000464       0x74 c:/freescale/kds_v3/toolchain/bin/../lib/gcc/arm-none-eabi/4.8.4/../../../../arm-none-eabi/lib/armv7e-m/fpu/crt0.o
                0x00000464                _start
                0x00000464                _mainCRTStartup
 .text          0x000004d8      0x1fc ./startup/startup_MK64F12.o
                0x000004d8                Reset_Handler
                0x00000534                DebugMon_Handler
                0x00000534                PORTC_IRQHandler
                0x00000534                DMA0_DriverIRQHandler
                0x00000534                DMA12_DriverIRQHandler
                0x00000534                DMA1_DriverIRQHandler
                0x00000534                SPI1_DriverIRQHandler
                0x00000534                DMA_Error_DriverIRQHandler
                0x00000534                UART0_LON_DriverIRQHandler
                0x00000534                CMP0_IRQHandler
                0x00000534                MemManage_Handler
                0x00000534                WDOG_EWM_IRQHandler
                0x00000534                DMA7_DriverIRQHandler
                0x00000534                I2C0_DriverIRQHandler
                0x00000534                ENET_Transmit_DriverIRQHandler
                0x00000534                DMA2_DriverIRQHandler
                0x00000534                SDHC_DriverIRQHandler
                0x00000534                UART1_ERR_DriverIRQHandler
                0x00000534                CMP2_IRQHandler
                0x00000534                LLWU_IRQHandler
                0x00000534                I2S0_Tx_DriverIRQHandler
                0x00000534                DMA6_DriverIRQHandler
                0x00000534                BusFault_Handler
                0x00000534                LPTMR0_IRQHandler
                0x00000534                ENET_1588_Timer_DriverIRQHandler
                0x00000534                I2C2_DriverIRQHandler
                0x00000534                SWI_IRQHandler
                0x00000534                ADC0_IRQHandler
                0x00000534                UsageFault_Handler
                0x00000534                FTM2_IRQHandler
                0x00000534                CMT_IRQHandler
                0x00000534                PORTE_IRQHandler
                0x00000534                FTM3_IRQHandler
                0x00000534                DefaultISR
                0x00000534                CAN0_DriverIRQHandler
                0x00000534                UART5_ERR_DriverIRQHandler
                0x00000534                MCM_IRQHandler
                0x00000534                DMA11_DriverIRQHandler
                0x00000534                CMP1_IRQHandler
                0x00000534                Reserved71_IRQHandler
                0x00000534                PORTD_IRQHandler
                0x00000534                PORTB_IRQHandler
                0x00000534                DMA10_DriverIRQHandler
                0x00000534                DAC1_IRQHandler
                0x00000534                UART2_ERR_DriverIRQHandler
                0x00000534                SPI2_DriverIRQHandler
                0x00000534                ADC1_IRQHandler
                0x00000534                DMA5_DriverIRQHandler
                0x00000534                DMA4_DriverIRQHandler
                0x00000534                PORTA_IRQHandler
                0x00000534                PIT2_IRQHandler
                0x00000534                FTM0_IRQHandler
                0x00000534                LVD_LVW_IRQHandler
                0x00000534                RTC_IRQHandler
                0x00000534                UART3_ERR_DriverIRQHandler
                0x00000534                PDB0_IRQHandler
                0x00000534                FTFE_IRQHandler
                0x00000534                FTM1_IRQHandler
                0x00000534                PIT1_IRQHandler
                0x00000534                SPI0_DriverIRQHandler
                0x00000534                DMA3_DriverIRQHandler
                0x00000534                PIT3_IRQHandler
                0x00000534                DMA15_DriverIRQHandler
                0x00000534                RTC_Seconds_IRQHandler
                0x00000534                MCG_IRQHandler
                0x00000534                UART4_ERR_DriverIRQHandler
                0x00000534                DMA9_DriverIRQHandler
                0x00000534                DMA8_DriverIRQHandler
                0x00000534                UART0_ERR_DriverIRQHandler
                0x00000534                ENET_Error_DriverIRQHandler
                0x00000534                DMA13_DriverIRQHandler
                0x00000534                DAC0_IRQHandler
                0x00000534                Read_Collision_IRQHandler
                0x00000534                DMA14_DriverIRQHandler
                0x00000534                ENET_Receive_DriverIRQHandler
                0x00000534                USBDCD_IRQHandler
                0x00000534                I2S0_Rx_DriverIRQHandler
                0x00000534                USB0_IRQHandler
                0x00000534                I2C1_DriverIRQHandler
                0x00000534                RNG_IRQHandler
                0x00000538                NMI_Handler
                0x0000053c                HardFault_Handler
                0x00000540                SVC_Handler
                0x00000544                PendSV_Handler
                0x00000548                SysTick_Handler
                0x0000054c                DMA0_IRQHandler
                0x00000550                DMA1_IRQHandler
                0x00000554                DMA2_IRQHandler
                0x00000558                DMA3_IRQHandler
                0x0000055c                DMA4_IRQHandler
                0x00000560                DMA5_IRQHandler
                0x00000564                DMA6_IRQHandler
                0x00000568                DMA7_IRQHandler
                0x0000056c                DMA8_IRQHandler
                0x00000570                DMA9_IRQHandler
                0x00000574                DMA10_IRQHandler
                0x00000578                DMA11_IRQHandler
                0x0000057c                DMA12_IRQHandler
                0x00000580                DMA13_IRQHandler
                0x00000584                DMA14_IRQHandler
                0x00000588                DMA15_IRQHandler
                0x0000058c                DMA_Error_IRQHandler
                0x00000590                I2C0_IRQHandler
                0x00000594                I2C1_IRQHandler
                0x00000598                SPI0_IRQHandler
                0x0000059c                SPI1_IRQHandler
                0x000005a0                I2S0_Tx_IRQHandler
                0x000005a4                I2S0_Rx_IRQHandler
                0x000005a8                UART0_LON_IRQHandler
                0x000005ac                UART0_RX_TX_IRQHandler
                0x000005b0                UART0_ERR_IRQHandler
                0x000005b4                UART1_RX_TX_IRQHandler
                0x000005b8                UART1_ERR_IRQHandler
                0x000005bc                UART2_RX_TX_IRQHandler
                0x000005c0                UART2_ERR_IRQHandler
                0x000005c4                UART3_RX_TX_IRQHandler
                0x000005c8                UART3_ERR_IRQHandler
                0x000005cc                SPI2_IRQHandler
                0x000005d0                UART4_RX_TX_IRQHandler
                0x000005d4                UART4_ERR_IRQHandler
                0x000005d8                UART5_RX_TX_IRQHandler
                0x000005dc                UART5_ERR_IRQHandler
                0x000005e0                I2C2_IRQHandler
                0x000005e4                CAN0_ORed_Message_buffer_IRQHandler
                0x000005e8                CAN0_Bus_Off_IRQHandler
                0x000005ec                CAN0_Error_IRQHandler
                0x000005f0                CAN0_Tx_Warning_IRQHandler
                0x000005f4                CAN0_Rx_Warning_IRQHandler
                0x000005f8                CAN0_Wake_Up_IRQHandler
                0x000005fc                SDHC_IRQHandler
                0x00000600                ENET_1588_Timer_IRQHandler
 .text          0x000006d4       0x2c c:/freescale/kds_v3/toolchain/bin/../lib/gcc/arm-none-eabi/4.8.4/armv7e-m/fpu\libgcc.a(_aeabi_uldivmod.o)
                0x000006d4                __aeabi_uldivmod
 .text          0x00000700       0x60 c:/freescale/kds_v3/toolchain/bin/../lib/gcc/arm-none-eabi/4.8.4/armv7e-m/fpu\libgcc.a(bpabi.o)
                0x00000700                __gnu_ldivmod_helper
                0x00000730                __gnu_uldivmod_helper
 .text          0x00000760        0x4 c:/freescale/kds_v3/toolchain/bin/../lib/gcc/arm-none-eabi/4.8.4/armv7e-m/fpu\libgcc.a(_dvmd_tls.o)
                0x00000760                __aeabi_idiv0
                0x00000760                __aeabi_ldiv0
 .text          0x00000764      0x298 c:/freescale/kds_v3/toolchain/bin/../lib/gcc/arm-none-eabi/4.8.4/armv7e-m/fpu\libgcc.a(_divdi3.o)
                0x00000764                __divdi3
 .text          0x000009fc      0x284 c:/freescale/kds_v3/toolchain/bin/../lib/gcc/arm-none-eabi/4.8.4/armv7e-m/fpu\libgcc.a(_udivdi3.o)
                0x000009fc                __udivdi3
 *(.text*)
 .text.UART_EnableTx
                0x00000c80       0x40 ./utilities/fsl_debug_console.o
 .text.UART_EnableRx
                0x00000cc0       0x40 ./utilities/fsl_debug_console.o
 .text.DbgConsole_Init
                0x00000d00       0x90 ./utilities/fsl_debug_console.o
                0x00000d00                DbgConsole_Init
 .text.DbgConsole_Printf
                0x00000d90       0x40 ./utilities/fsl_debug_console.o
                0x00000d90                DbgConsole_Printf
 .text.DbgConsole_Putchar
                0x00000dd0       0x38 ./utilities/fsl_debug_console.o
                0x00000dd0                DbgConsole_Putchar
 .text.DbgConsole_PrintfPaddingCharacter
                0x00000e08       0x40 ./utilities/fsl_debug_console.o
 .text.DbgConsole_ConvertRadixNumToString
                0x00000e48      0x118 ./utilities/fsl_debug_console.o
 .text.DbgConsole_PrintfFormattedData
                0x00000f60      0x36c ./utilities/fsl_debug_console.o
 .text.SystemInit
                0x000012cc       0x3c ./startup/system_MK64F12.o
                0x000012cc                SystemInit
 .text.PIT_ClearStatusFlags
                0x00001308       0x28 ./source/lwip_tcpecho_bm.o
 .text.GPIO_WritePinOutput
                0x00001330       0x34 ./source/lwip_tcpecho_bm.o
 .text.PORT_SetPinMux
                0x00001364       0x38 ./source/lwip_tcpecho_bm.o
 .text.PIT0_IRQHandler
                0x0000139c       0x18 ./source/lwip_tcpecho_bm.o
                0x0000139c                PIT0_IRQHandler
 .text.get_timer_init_param
                0x000013b4       0x2c ./source/lwip_tcpecho_bm.o
                0x000013b4                get_timer_init_param
 .text.WriteGPIOByName
                0x000013e0      0x160 ./source/lwip_tcpecho_bm.o
                0x000013e0                WriteGPIOByName
 .text.main     0x00001540      0x2e4 ./source/lwip_tcpecho_bm.o
                0x00001540                main
 .text.GPIO_WritePinOutput
                0x00001824       0x34 ./lwip_tcpecho_raw/tcpecho_raw.o
 .text.tcpecho_raw_init
                0x00001858       0x68 ./lwip_tcpecho_raw/tcpecho_raw.o
                0x00001858                tcpecho_raw_init
 .text.tcpecho_raw_accept
                0x000018c0       0xa0 ./lwip_tcpecho_raw/tcpecho_raw.o
                0x000018c0                tcpecho_raw_accept
 .text.tcpecho_raw_recv
                0x00001960      0x120 ./lwip_tcpecho_raw/tcpecho_raw.o
                0x00001960                tcpecho_raw_recv
 .text.tcpecho_raw_error
                0x00001a80       0x1c ./lwip_tcpecho_raw/tcpecho_raw.o
                0x00001a80                tcpecho_raw_error
 .text.tcpecho_raw_poll
                0x00001a9c       0x54 ./lwip_tcpecho_raw/tcpecho_raw.o
                0x00001a9c                tcpecho_raw_poll
 .text.tcpecho_raw_sent
                0x00001af0       0x54 ./lwip_tcpecho_raw/tcpecho_raw.o
                0x00001af0                tcpecho_raw_sent
 .text.tcpecho_raw_send
                0x00001b44       0xa0 ./lwip_tcpecho_raw/tcpecho_raw.o
                0x00001b44                tcpecho_raw_send
 .text.tcpecho_raw_close
                0x00001be4       0x48 ./lwip_tcpecho_raw/tcpecho_raw.o
                0x00001be4                tcpecho_raw_close
 .text.tcpecho_raw_free
                0x00001c2c       0x2c ./lwip_tcpecho_raw/tcpecho_raw.o
                0x00001c2c                tcpecho_raw_free
 .text.ethernet_input
                0x00001c58      0x108 ./lwip/src/netif/ethernet.o
                0x00001c58                ethernet_input
 .text.dhcp_check
                0x00001d60       0x64 ./lwip/src/core/ipv4/dhcp.o
 .text.dhcp_select
                0x00001dc4      0x150 ./lwip/src/core/ipv4/dhcp.o
 .text.dhcp_coarse_tmr
                0x00001f14       0xa4 ./lwip/src/core/ipv4/dhcp.o
                0x00001f14                dhcp_coarse_tmr
 .text.dhcp_fine_tmr
                0x00001fb8       0x60 ./lwip/src/core/ipv4/dhcp.o
                0x00001fb8                dhcp_fine_tmr
 .text.dhcp_timeout
                0x00002018       0x90 ./lwip/src/core/ipv4/dhcp.o
 .text.dhcp_t1_timeout
                0x000020a8       0x60 ./lwip/src/core/ipv4/dhcp.o
 .text.dhcp_t2_timeout
                0x00002108       0x68 ./lwip/src/core/ipv4/dhcp.o
 .text.dhcp_arp_reply
                0x00002170       0x48 ./lwip/src/core/ipv4/dhcp.o
                0x00002170                dhcp_arp_reply
 .text.dhcp_decline
                0x000021b8       0xd8 ./lwip/src/core/ipv4/dhcp.o
 .text.dhcp_discover
                0x00002290      0x11c ./lwip/src/core/ipv4/dhcp.o
 .text.dhcp_bind
                0x000023ac      0x1a0 ./lwip/src/core/ipv4/dhcp.o
 .text.dhcp_renew
                0x0000254c      0x110 ./lwip/src/core/ipv4/dhcp.o
                0x0000254c                dhcp_renew
 .text.dhcp_rebind
                0x0000265c      0x110 ./lwip/src/core/ipv4/dhcp.o
 .text.dhcp_reboot
                0x0000276c      0x12c ./lwip/src/core/ipv4/dhcp.o
 .text.dhcp_release
                0x00002898      0x114 ./lwip/src/core/ipv4/dhcp.o
                0x00002898                dhcp_release
 .text.dhcp_set_state
                0x000029ac       0x34 ./lwip/src/core/ipv4/dhcp.o
 .text.dhcp_option
                0x000029e0       0x60 ./lwip/src/core/ipv4/dhcp.o
 .text.dhcp_option_byte
                0x00002a40       0x3c ./lwip/src/core/ipv4/dhcp.o
 .text.dhcp_option_short
                0x00002a7c       0x60 ./lwip/src/core/ipv4/dhcp.o
 .text.dhcp_option_long
                0x00002adc       0x9c ./lwip/src/core/ipv4/dhcp.o
 .text.dhcp_create_msg
                0x00002b78      0x280 ./lwip/src/core/ipv4/dhcp.o
 .text.dhcp_delete_msg
                0x00002df8       0x64 ./lwip/src/core/ipv4/dhcp.o
 .text.dhcp_option_trailer
                0x00002e5c       0x94 ./lwip/src/core/ipv4/dhcp.o
 .text.dhcp_supplied_address
                0x00002ef0       0x3c ./lwip/src/core/ipv4/dhcp.o
                0x00002ef0                dhcp_supplied_address
 .text.etharp_free_entry
                0x00002f2c       0xbc ./lwip/src/core/ipv4/etharp.o
 .text.etharp_tmr
                0x00002fe8      0x150 ./lwip/src/core/ipv4/etharp.o
                0x00002fe8                etharp_tmr
 .text.etharp_find_entry
                0x00003138      0x258 ./lwip/src/core/ipv4/etharp.o
 .text.etharp_send_ip
                0x00003390       0x64 ./lwip/src/core/ipv4/etharp.o
 .text.etharp_update_arp_entry
                0x000033f4      0x134 ./lwip/src/core/ipv4/etharp.o
 .text.etharp_arp_input
                0x00003528      0x1a0 ./lwip/src/core/ipv4/etharp.o
                0x00003528                etharp_arp_input
 .text.etharp_output_to_arp_index
                0x000036c8      0x120 ./lwip/src/core/ipv4/etharp.o
 .text.etharp_output
                0x000037e8      0x1c0 ./lwip/src/core/ipv4/etharp.o
                0x000037e8                etharp_output
 .text.etharp_query
                0x000039a8      0x26c ./lwip/src/core/ipv4/etharp.o
                0x000039a8                etharp_query
 .text.etharp_raw
                0x00003c14      0x12c ./lwip/src/core/ipv4/etharp.o
 .text.etharp_request_dst
                0x00003d40       0x40 ./lwip/src/core/ipv4/etharp.o
 .text.etharp_request
                0x00003d80       0x24 ./lwip/src/core/ipv4/etharp.o
                0x00003d80                etharp_request
 .text.icmp_input
                0x00003da4      0x23c ./lwip/src/core/ipv4/icmp.o
                0x00003da4                icmp_input
 .text.icmp_dest_unreach
                0x00003fe0       0x20 ./lwip/src/core/ipv4/icmp.o
                0x00003fe0                icmp_dest_unreach
 .text.icmp_time_exceeded
                0x00004000       0x20 ./lwip/src/core/ipv4/icmp.o
                0x00004000                icmp_time_exceeded
 .text.icmp_send_response
                0x00004020       0xd4 ./lwip/src/core/ipv4/icmp.o
 .text.ip4_route
                0x000040f4       0xd0 ./lwip/src/core/ipv4/ip4.o
                0x000040f4                ip4_route
 .text.ip4_input
                0x000041c4      0x2c0 ./lwip/src/core/ipv4/ip4.o
                0x000041c4                ip4_input
 .text.ip4_output_if
                0x00004484       0x54 ./lwip/src/core/ipv4/ip4.o
                0x00004484                ip4_output_if
 .text.ip4_output_if_src
                0x000044d8      0x1c0 ./lwip/src/core/ipv4/ip4.o
                0x000044d8                ip4_output_if_src
 .text.ip4_addr_isbroadcast_u32
                0x00004698       0x84 ./lwip/src/core/ipv4/ip4_addr.o
                0x00004698                ip4_addr_isbroadcast_u32
 .text.ip_reass_tmr
                0x0000471c       0x54 ./lwip/src/core/ipv4/ip4_frag.o
                0x0000471c                ip_reass_tmr
 .text.ip_reass_free_complete_datagram
                0x00004770      0x128 ./lwip/src/core/ipv4/ip4_frag.o
 .text.ip_reass_remove_oldest_datagram
                0x00004898       0xc4 ./lwip/src/core/ipv4/ip4_frag.o
 .text.ip_reass_enqueue_new_datagram
                0x0000495c       0x74 ./lwip/src/core/ipv4/ip4_frag.o
 .text.ip_reass_dequeue_datagram
                0x000049d0       0x48 ./lwip/src/core/ipv4/ip4_frag.o
 .text.ip_reass_chain_frag_into_datagram_and_validate
                0x00004a18      0x274 ./lwip/src/core/ipv4/ip4_frag.o
 .text.ip4_reass
                0x00004c8c      0x264 ./lwip/src/core/ipv4/ip4_frag.o
                0x00004c8c                ip4_reass
 .text.ip_frag_alloc_pbuf_custom_ref
                0x00004ef0       0x10 ./lwip/src/core/ipv4/ip4_frag.o
 .text.ip_frag_free_pbuf_custom_ref
                0x00004f00       0x28 ./lwip/src/core/ipv4/ip4_frag.o
 .text.ipfrag_free_pbuf_custom
                0x00004f28       0x4c ./lwip/src/core/ipv4/ip4_frag.o
 .text.ip4_frag
                0x00004f74      0x208 ./lwip/src/core/ipv4/ip4_frag.o
                0x00004f74                ip4_frag
 .text.lwip_htons
                0x0000517c       0x2c ./lwip/src/core/def.o
                0x0000517c                lwip_htons
 .text.lwip_ntohs
                0x000051a8       0x1c ./lwip/src/core/def.o
                0x000051a8                lwip_ntohs
 .text.lwip_htonl
                0x000051c4       0x34 ./lwip/src/core/def.o
                0x000051c4                lwip_htonl
 .text.lwip_ntohl
                0x000051f8       0x18 ./lwip/src/core/def.o
                0x000051f8                lwip_ntohl
 .text.lwip_standard_chksum
                0x00005210       0xb8 ./lwip/src/core/inet_chksum.o
                0x00005210                lwip_standard_chksum
 .text.inet_cksum_pseudo_base
                0x000052c8       0xd8 ./lwip/src/core/inet_chksum.o
 .text.inet_chksum_pseudo
                0x000053a0       0x74 ./lwip/src/core/inet_chksum.o
                0x000053a0                inet_chksum_pseudo
 .text.ip_chksum_pseudo
                0x00005414       0x30 ./lwip/src/core/inet_chksum.o
                0x00005414                ip_chksum_pseudo
 .text.inet_chksum
                0x00005444       0x24 ./lwip/src/core/inet_chksum.o
                0x00005444                inet_chksum
 .text.inet_chksum_pbuf
                0x00005468       0x98 ./lwip/src/core/inet_chksum.o
                0x00005468                inet_chksum_pbuf
 .text.lwip_init
                0x00005500       0x20 ./lwip/src/core/init.o
                0x00005500                lwip_init
 .text.plug_holes
                0x00005520      0x108 ./lwip/src/core/mem.o
 .text.mem_init
                0x00005628       0x78 ./lwip/src/core/mem.o
                0x00005628                mem_init
 .text.mem_free
                0x000056a0       0xac ./lwip/src/core/mem.o
                0x000056a0                mem_free
 .text.mem_trim
                0x0000574c      0x1ac ./lwip/src/core/mem.o
                0x0000574c                mem_trim
 .text.mem_malloc
                0x000058f8      0x1ac ./lwip/src/core/mem.o
                0x000058f8                mem_malloc
 .text.memp_init_pool
                0x00005aa4       0x5c ./lwip/src/core/memp.o
                0x00005aa4                memp_init_pool
 .text.memp_init
                0x00005b00       0x30 ./lwip/src/core/memp.o
                0x00005b00                memp_init
 .text.do_memp_malloc_pool
                0x00005b30       0x54 ./lwip/src/core/memp.o
 .text.memp_malloc
                0x00005b84       0x3c ./lwip/src/core/memp.o
                0x00005b84                memp_malloc
 .text.do_memp_free_pool
                0x00005bc0       0x48 ./lwip/src/core/memp.o
 .text.memp_free
                0x00005c08       0x38 ./lwip/src/core/memp.o
                0x00005c08                memp_free
 .text.netif_init
                0x00005c40        0xc ./lwip/src/core/netif.o
                0x00005c40                netif_init
 .text.netif_add
                0x00005c4c       0xa0 ./lwip/src/core/netif.o
                0x00005c4c                netif_add
 .text.netif_set_addr
                0x00005cec       0x54 ./lwip/src/core/netif.o
                0x00005cec                netif_set_addr
 .text.netif_set_ipaddr
                0x00005d40       0x68 ./lwip/src/core/netif.o
                0x00005d40                netif_set_ipaddr
 .text.netif_set_gw
                0x00005da8       0x28 ./lwip/src/core/netif.o
                0x00005da8                netif_set_gw
 .text.netif_set_netmask
                0x00005dd0       0x28 ./lwip/src/core/netif.o
                0x00005dd0                netif_set_netmask
 .text.netif_set_default
                0x00005df8       0x1c ./lwip/src/core/netif.o
                0x00005df8                netif_set_default
 .text.netif_set_up
                0x00005e14       0x44 ./lwip/src/core/netif.o
                0x00005e14                netif_set_up
 .text.netif_issue_reports
                0x00005e58       0x40 ./lwip/src/core/netif.o
 .text.pbuf_alloc
                0x00005e98      0x2bc ./lwip/src/core/pbuf.o
                0x00005e98                pbuf_alloc
 .text.pbuf_alloced_custom
                0x00006154       0xc4 ./lwip/src/core/pbuf.o
                0x00006154                pbuf_alloced_custom
 .text.pbuf_realloc
                0x00006218      0x12c ./lwip/src/core/pbuf.o
                0x00006218                pbuf_realloc
 .text.pbuf_header_impl
                0x00006344      0x128 ./lwip/src/core/pbuf.o
 .text.pbuf_header
                0x0000646c       0x24 ./lwip/src/core/pbuf.o
                0x0000646c                pbuf_header
 .text.pbuf_header_force
                0x00006490       0x24 ./lwip/src/core/pbuf.o
                0x00006490                pbuf_header_force
 .text.pbuf_free
                0x000064b4      0x10c ./lwip/src/core/pbuf.o
                0x000064b4                pbuf_free
 .text.pbuf_clen
                0x000065c0       0x30 ./lwip/src/core/pbuf.o
                0x000065c0                pbuf_clen
 .text.pbuf_ref
                0x000065f0       0x2c ./lwip/src/core/pbuf.o
                0x000065f0                pbuf_ref
 .text.pbuf_cat
                0x0000661c       0x8c ./lwip/src/core/pbuf.o
                0x0000661c                pbuf_cat
 .text.pbuf_chain
                0x000066a8       0x20 ./lwip/src/core/pbuf.o
                0x000066a8                pbuf_chain
 .text.pbuf_copy
                0x000066c8      0x15c ./lwip/src/core/pbuf.o
                0x000066c8                pbuf_copy
 .text.pbuf_copy_partial
                0x00006824       0xd8 ./lwip/src/core/pbuf.o
                0x00006824                pbuf_copy_partial
 .text.tcp_init
                0x000068fc        0xc ./lwip/src/core/tcp.o
                0x000068fc                tcp_init
 .text.tcp_tmr  0x00006908       0x2c ./lwip/src/core/tcp.o
                0x00006908                tcp_tmr
 .text.tcp_remove_listener
                0x00006934       0x38 ./lwip/src/core/tcp.o
 .text.tcp_listen_closed
                0x0000696c       0x58 ./lwip/src/core/tcp.o
 .text.tcp_backlog_accepted
                0x000069c4       0x60 ./lwip/src/core/tcp.o
                0x000069c4                tcp_backlog_accepted
 .text.tcp_close_shutdown
                0x00006a24      0x264 ./lwip/src/core/tcp.o
 .text.tcp_close
                0x00006c88       0x30 ./lwip/src/core/tcp.o
                0x00006c88                tcp_close
 .text.tcp_abandon
                0x00006cb8      0x13c ./lwip/src/core/tcp.o
                0x00006cb8                tcp_abandon
 .text.tcp_abort
                0x00006df4       0x18 ./lwip/src/core/tcp.o
                0x00006df4                tcp_abort
 .text.tcp_bind
                0x00006e0c      0x110 ./lwip/src/core/tcp.o
                0x00006e0c                tcp_bind
 .text.tcp_accept_null
                0x00006f1c       0x20 ./lwip/src/core/tcp.o
 .text.tcp_listen_with_backlog
                0x00006f3c      0x10c ./lwip/src/core/tcp.o
                0x00006f3c                tcp_listen_with_backlog
 .text.tcp_update_rcv_ann_wnd
                0x00007048       0x90 ./lwip/src/core/tcp.o
                0x00007048                tcp_update_rcv_ann_wnd
 .text.tcp_recved
                0x000070d8       0x9c ./lwip/src/core/tcp.o
                0x000070d8                tcp_recved
 .text.tcp_new_port
                0x00007174       0x8c ./lwip/src/core/tcp.o
 .text.tcp_slowtmr
                0x00007200      0x4d8 ./lwip/src/core/tcp.o
                0x00007200                tcp_slowtmr
 .text.tcp_fasttmr
                0x000076d8       0xa4 ./lwip/src/core/tcp.o
                0x000076d8                tcp_fasttmr
 .text.tcp_process_refused_data
                0x0000777c       0xcc ./lwip/src/core/tcp.o
                0x0000777c                tcp_process_refused_data
 .text.tcp_segs_free
                0x00007848       0x28 ./lwip/src/core/tcp.o
                0x00007848                tcp_segs_free
 .text.tcp_seg_free
                0x00007870       0x30 ./lwip/src/core/tcp.o
                0x00007870                tcp_seg_free
 .text.tcp_setprio
                0x000078a0       0x1c ./lwip/src/core/tcp.o
                0x000078a0                tcp_setprio
 .text.tcp_recv_null
                0x000078bc       0x48 ./lwip/src/core/tcp.o
                0x000078bc                tcp_recv_null
 .text.tcp_kill_prio
                0x00007904       0x80 ./lwip/src/core/tcp.o
 .text.tcp_kill_state
                0x00007984       0x84 ./lwip/src/core/tcp.o
 .text.tcp_kill_timewait
                0x00007a08       0x5c ./lwip/src/core/tcp.o
 .text.tcp_alloc
                0x00007a64      0x114 ./lwip/src/core/tcp.o
                0x00007a64                tcp_alloc
 .text.tcp_new_ip_type
                0x00007b78       0x1c ./lwip/src/core/tcp.o
                0x00007b78                tcp_new_ip_type
 .text.tcp_arg  0x00007b94       0x20 ./lwip/src/core/tcp.o
                0x00007b94                tcp_arg
 .text.tcp_recv
                0x00007bb4       0x30 ./lwip/src/core/tcp.o
                0x00007bb4                tcp_recv
 .text.tcp_sent
                0x00007be4       0x30 ./lwip/src/core/tcp.o
                0x00007be4                tcp_sent
 .text.tcp_err  0x00007c14       0x30 ./lwip/src/core/tcp.o
                0x00007c14                tcp_err
 .text.tcp_accept
                0x00007c44       0x2c ./lwip/src/core/tcp.o
                0x00007c44                tcp_accept
 .text.tcp_poll
                0x00007c70       0x34 ./lwip/src/core/tcp.o
                0x00007c70                tcp_poll
 .text.tcp_pcb_purge
                0x00007ca4       0x78 ./lwip/src/core/tcp.o
                0x00007ca4                tcp_pcb_purge
 .text.tcp_pcb_remove
                0x00007d1c       0xc4 ./lwip/src/core/tcp.o
                0x00007d1c                tcp_pcb_remove
 .text.tcp_next_iss
                0x00007de0       0x28 ./lwip/src/core/tcp.o
                0x00007de0                tcp_next_iss
 .text.tcp_eff_send_mss_impl
                0x00007e08       0x48 ./lwip/src/core/tcp.o
                0x00007e08                tcp_eff_send_mss_impl
 .text.tcp_netif_ipv4_addr_changed_pcblist
                0x00007e50       0x40 ./lwip/src/core/tcp.o
 .text.tcp_netif_ipv4_addr_changed
                0x00007e90       0x7c ./lwip/src/core/tcp.o
                0x00007e90                tcp_netif_ipv4_addr_changed
 .text.tcp_input
                0x00007f0c      0x754 ./lwip/src/core/tcp_in.o
                0x00007f0c                tcp_input
 .text.tcp_listen_input
                0x00008660      0x1dc ./lwip/src/core/tcp_in.o
 .text.tcp_timewait_input
                0x0000883c       0xd0 ./lwip/src/core/tcp_in.o
 .text.tcp_process
                0x0000890c      0x724 ./lwip/src/core/tcp_in.o
 .text.tcp_receive
                0x00009030      0x950 ./lwip/src/core/tcp_in.o
 .text.tcp_getoptbyte
                0x00009980       0x74 ./lwip/src/core/tcp_in.o
 .text.tcp_parseopt
                0x000099f4       0xc8 ./lwip/src/core/tcp_in.o
 .text.tcp_trigger_input_pcb_close
                0x00009abc       0x20 ./lwip/src/core/tcp_in.o
                0x00009abc                tcp_trigger_input_pcb_close
 .text.tcp_output_alloc_header
                0x00009adc       0xe8 ./lwip/src/core/tcp_out.o
 .text.tcp_send_fin
                0x00009bc4       0x80 ./lwip/src/core/tcp_out.o
                0x00009bc4                tcp_send_fin
 .text.tcp_create_segment
                0x00009c44      0x10c ./lwip/src/core/tcp_out.o
 .text.tcp_pbuf_prealloc
                0x00009d50       0xb8 ./lwip/src/core/tcp_out.o
 .text.tcp_write_checks
                0x00009e08       0xd0 ./lwip/src/core/tcp_out.o
 .text.tcp_write
                0x00009ed8      0x568 ./lwip/src/core/tcp_out.o
                0x00009ed8                tcp_write
 .text.tcp_enqueue_flags
                0x0000a440      0x1c4 ./lwip/src/core/tcp_out.o
                0x0000a440                tcp_enqueue_flags
 .text.tcp_send_empty_ack
                0x0000a604       0xd4 ./lwip/src/core/tcp_out.o
                0x0000a604                tcp_send_empty_ack
 .text.tcp_output
                0x0000a6d8      0x340 ./lwip/src/core/tcp_out.o
                0x0000a6d8                tcp_output
 .text.tcp_output_segment
                0x0000aa18      0x15c ./lwip/src/core/tcp_out.o
 .text.tcp_rst  0x0000ab74       0xf8 ./lwip/src/core/tcp_out.o
                0x0000ab74                tcp_rst
 .text.tcp_rexmit_rto
                0x0000ac6c       0x74 ./lwip/src/core/tcp_out.o
                0x0000ac6c                tcp_rexmit_rto
 .text.tcp_rexmit
                0x0000ace0       0x94 ./lwip/src/core/tcp_out.o
                0x0000ace0                tcp_rexmit
 .text.tcp_rexmit_fast
                0x0000ad74       0xac ./lwip/src/core/tcp_out.o
                0x0000ad74                tcp_rexmit_fast
 .text.tcp_keepalive
                0x0000ae20       0x98 ./lwip/src/core/tcp_out.o
                0x0000ae20                tcp_keepalive
 .text.tcp_zero_window_probe
                0x0000aeb8      0x130 ./lwip/src/core/tcp_out.o
                0x0000aeb8                tcp_zero_window_probe
 .text.tcpip_tcp_timer
                0x0000afe8       0x44 ./lwip/src/core/timeouts.o
 .text.tcp_timer_needed
                0x0000b02c       0x40 ./lwip/src/core/timeouts.o
                0x0000b02c                tcp_timer_needed
 .text.cyclic_timer
                0x0000b06c       0x2c ./lwip/src/core/timeouts.o
 .text.sys_timeouts_init
                0x0000b098       0x50 ./lwip/src/core/timeouts.o
                0x0000b098                sys_timeouts_init
 .text.sys_timeout
                0x0000b0e8      0x134 ./lwip/src/core/timeouts.o
                0x0000b0e8                sys_timeout
 .text.sys_check_timeouts
                0x0000b21c       0x90 ./lwip/src/core/timeouts.o
                0x0000b21c                sys_check_timeouts
 .text.udp_init
                0x0000b2ac        0xc ./lwip/src/core/udp.o
                0x0000b2ac                udp_init
 .text.udp_new_port
                0x0000b2b8       0x74 ./lwip/src/core/udp.o
 .text.udp_input_local_match
                0x0000b32c       0x78 ./lwip/src/core/udp.o
 .text.udp_input
                0x0000b3a4      0x1f0 ./lwip/src/core/udp.o
                0x0000b3a4                udp_input
 .text.udp_sendto_if
                0x0000b594       0x78 ./lwip/src/core/udp.o
                0x0000b594                udp_sendto_if
 .text.udp_sendto_if_src
                0x0000b60c      0x154 ./lwip/src/core/udp.o
                0x0000b60c                udp_sendto_if_src
 .text.udp_bind
                0x0000b760       0xdc ./lwip/src/core/udp.o
                0x0000b760                udp_bind
 .text.udp_netif_ipv4_addr_changed
                0x0000b83c       0x5c ./lwip/src/core/udp.o
                0x0000b83c                udp_netif_ipv4_addr_changed
 .text.ENET_ActiveRead
                0x0000b898       0x1c ./lwip/port/ethernetif.o
 .text.low_level_init
                0x0000b8b4      0x160 ./lwip/port/ethernetif.o
 .text.low_level_output
                0x0000ba14       0xe8 ./lwip/port/ethernetif.o
 .text.low_level_input
                0x0000bafc       0x9c ./lwip/port/ethernetif.o
 .text.ethernetif_input
                0x0000bb98       0x4c ./lwip/port/ethernetif.o
                0x0000bb98                ethernetif_input
 .text.ethernetif_init
                0x0000bbe4       0x68 ./lwip/port/ethernetif.o
                0x0000bbe4                ethernetif_init
 .text.NVIC_EnableIRQ
                0x0000bc4c       0x30 ./lwip/port/sys_arch.o
 .text.EnableIRQ
                0x0000bc7c       0x28 ./lwip/port/sys_arch.o
 .text.DisableGlobalIRQ
                0x0000bca4       0x20 ./lwip/port/sys_arch.o
 .text.EnableGlobalIRQ
                0x0000bcc4       0x1c ./lwip/port/sys_arch.o
 .text.PIT_GetDefaultConfig
                0x0000bce0       0x34 ./lwip/port/sys_arch.o
 .text.PIT_EnableInterrupts
                0x0000bd14       0x38 ./lwip/port/sys_arch.o
 .text.PIT_SetTimerPeriod
                0x0000bd4c       0x28 ./lwip/port/sys_arch.o
 .text.PIT_StartTimer
                0x0000bd74       0x38 ./lwip/port/sys_arch.o
 .text.sys_assert
                0x0000bdac       0x1c ./lwip/port/sys_arch.o
                0x0000bdac                sys_assert
 .text.time_isr
                0x0000bdc8       0x1c ./lwip/port/sys_arch.o
                0x0000bdc8                time_isr
 .text.time_init
                0x0000bde4       0xc0 ./lwip/port/sys_arch.o
                0x0000bde4                time_init
 .text.sys_now  0x0000bea4       0x18 ./lwip/port/sys_arch.o
                0x0000bea4                sys_now
 .text.sys_arch_protect
                0x0000bebc       0x18 ./lwip/port/sys_arch.o
                0x0000bebc                sys_arch_protect
 .text.sys_arch_unprotect
                0x0000bed4       0x14 ./lwip/port/sys_arch.o
                0x0000bed4                sys_arch_unprotect
 .text.CLOCK_SetEr32kClock
                0x0000bee8       0x2c ./drivers/fsl_clock.o
 .text.CLOCK_SetPllFllSelClock
                0x0000bf14       0x38 ./drivers/fsl_clock.o
 .text.OSC_SetExtRefClkConfig
                0x0000bf4c       0x34 ./drivers/fsl_clock.o
 .text.OSC_SetCapLoad
                0x0000bf80       0x34 ./drivers/fsl_clock.o
 .text.CLOCK_GetMcgExtClkFreq
                0x0000bfb4       0x8c ./drivers/fsl_clock.o
 .text.CLOCK_GetFllExtRefClkFreq
                0x0000c040       0xc8 ./drivers/fsl_clock.o
 .text.CLOCK_GetInternalRefClkSelectFreq
                0x0000c108       0x44 ./drivers/fsl_clock.o
 .text.CLOCK_GetFllRefClkFreq
                0x0000c14c       0x2c ./drivers/fsl_clock.o
 .text.CLOCK_GetPll0RefFreq
                0x0000c178       0x10 ./drivers/fsl_clock.o
 .text.CLOCK_GetOscRangeFromFreq
                0x0000c188       0x3c ./drivers/fsl_clock.o
 .text.CLOCK_GetOsc0ErClkFreq
                0x0000c1c4       0x48 ./drivers/fsl_clock.o
                0x0000c1c4                CLOCK_GetOsc0ErClkFreq
 .text.CLOCK_GetEr32kClkFreq
                0x0000c20c       0x80 ./drivers/fsl_clock.o
                0x0000c20c                CLOCK_GetEr32kClkFreq
 .text.CLOCK_GetPllFllSelClkFreq
                0x0000c28c       0x54 ./drivers/fsl_clock.o
                0x0000c28c                CLOCK_GetPllFllSelClkFreq
 .text.CLOCK_GetCoreSysClkFreq
                0x0000c2e0       0x24 ./drivers/fsl_clock.o
                0x0000c2e0                CLOCK_GetCoreSysClkFreq
 .text.CLOCK_GetFreq
                0x0000c304      0x144 ./drivers/fsl_clock.o
                0x0000c304                CLOCK_GetFreq
 .text.CLOCK_SetSimConfig
                0x0000c448       0x34 ./drivers/fsl_clock.o
                0x0000c448                CLOCK_SetSimConfig
 .text.CLOCK_GetOutClkFreq
                0x0000c47c       0x64 ./drivers/fsl_clock.o
                0x0000c47c                CLOCK_GetOutClkFreq
 .text.CLOCK_GetFllFreq
                0x0000c4e0       0x74 ./drivers/fsl_clock.o
                0x0000c4e0                CLOCK_GetFllFreq
 .text.CLOCK_GetInternalRefClkFreq
                0x0000c554       0x24 ./drivers/fsl_clock.o
                0x0000c554                CLOCK_GetInternalRefClkFreq
 .text.CLOCK_GetFixedFreqClkFreq
                0x0000c578       0x30 ./drivers/fsl_clock.o
                0x0000c578                CLOCK_GetFixedFreqClkFreq
 .text.CLOCK_GetPll0Freq
                0x0000c5a8       0x78 ./drivers/fsl_clock.o
                0x0000c5a8                CLOCK_GetPll0Freq
 .text.CLOCK_SetExternalRefClkConfig
                0x0000c620       0x90 ./drivers/fsl_clock.o
                0x0000c620                CLOCK_SetExternalRefClkConfig
 .text.CLOCK_SetInternalRefClkConfig
                0x0000c6b0      0x104 ./drivers/fsl_clock.o
                0x0000c6b0                CLOCK_SetInternalRefClkConfig
 .text.CLOCK_EnablePll0
                0x0000c7b4       0x94 ./drivers/fsl_clock.o
                0x0000c7b4                CLOCK_EnablePll0
 .text.CLOCK_InitOsc0
                0x0000c848       0x8c ./drivers/fsl_clock.o
                0x0000c848                CLOCK_InitOsc0
 .text.CLOCK_SetPbeMode
                0x0000c8d4       0xb8 ./drivers/fsl_clock.o
                0x0000c8d4                CLOCK_SetPbeMode
 .text.CLOCK_BootToPeeMode
                0x0000c98c       0x74 ./drivers/fsl_clock.o
                0x0000c98c                CLOCK_BootToPeeMode
 .text.__assert_func
                0x0000ca00       0x28 ./drivers/fsl_common.o
                0x0000ca00                __assert_func
 .text.NVIC_EnableIRQ
                0x0000ca28       0x30 ./drivers/fsl_enet.o
 .text.CLOCK_EnableClock
                0x0000ca58       0x34 ./drivers/fsl_enet.o
 .text.EnableIRQ
                0x0000ca8c       0x28 ./drivers/fsl_enet.o
 .text.ENET_Reset
                0x0000cab4       0x20 ./drivers/fsl_enet.o
 .text.ENET_GetSMI
                0x0000cad4       0x28 ./drivers/fsl_enet.o
 .text.ENET_EnableSleepMode
                0x0000cafc       0x38 ./drivers/fsl_enet.o
 .text.ENET_EnableInterrupts
                0x0000cb34       0x20 ./drivers/fsl_enet.o
 .text.ENET_GetInstance
                0x0000cb54       0x54 ./drivers/fsl_enet.o
                0x0000cb54                ENET_GetInstance
 .text.ENET_GetDefaultConfig
                0x0000cba8       0x54 ./drivers/fsl_enet.o
                0x0000cba8                ENET_GetDefaultConfig
 .text.ENET_Init
                0x0000cbfc      0x25c ./drivers/fsl_enet.o
                0x0000cbfc                ENET_Init
 .text.ENET_SetMacController
                0x0000ce58      0x2b8 ./drivers/fsl_enet.o
 .text.ENET_SetTxBufferDescriptors
                0x0000d110       0xa4 ./drivers/fsl_enet.o
 .text.ENET_SetRxBufferDescriptors
                0x0000d1b4       0xa8 ./drivers/fsl_enet.o
 .text.ENET_SetMacAddr
                0x0000d25c       0x5c ./drivers/fsl_enet.o
                0x0000d25c                ENET_SetMacAddr
 .text.ENET_SetSMI
                0x0000d2b8       0x94 ./drivers/fsl_enet.o
                0x0000d2b8                ENET_SetSMI
 .text.ENET_StartSMIWrite
                0x0000d34c       0x50 ./drivers/fsl_enet.o
                0x0000d34c                ENET_StartSMIWrite
 .text.ENET_StartSMIRead
                0x0000d39c       0x48 ./drivers/fsl_enet.o
                0x0000d39c                ENET_StartSMIRead
 .text.ENET_GetRxFrameSize
                0x0000d3e4       0xec ./drivers/fsl_enet.o
                0x0000d3e4                ENET_GetRxFrameSize
 .text.ENET_ReadFrame
                0x0000d4d0      0x148 ./drivers/fsl_enet.o
                0x0000d4d0                ENET_ReadFrame
 .text.ENET_UpdateReadBuffers
                0x0000d618       0x8c ./drivers/fsl_enet.o
 .text.ENET_SendFrame
                0x0000d6a4      0x1ec ./drivers/fsl_enet.o
                0x0000d6a4                ENET_SendFrame
 .text.ENET_TransmitIRQHandler
                0x0000d890       0x60 ./drivers/fsl_enet.o
                0x0000d890                ENET_TransmitIRQHandler
 .text.ENET_ReceiveIRQHandler
                0x0000d8f0       0x60 ./drivers/fsl_enet.o
                0x0000d8f0                ENET_ReceiveIRQHandler
 .text.ENET_ErrorIRQHandler
                0x0000d950       0x98 ./drivers/fsl_enet.o
                0x0000d950                ENET_ErrorIRQHandler
 .text.ENET_Transmit_IRQHandler
                0x0000d9e8       0x20 ./drivers/fsl_enet.o
                0x0000d9e8                ENET_Transmit_IRQHandler
 .text.ENET_Receive_IRQHandler
                0x0000da08       0x20 ./drivers/fsl_enet.o
                0x0000da08                ENET_Receive_IRQHandler
 .text.ENET_Error_IRQHandler
                0x0000da28       0x20 ./drivers/fsl_enet.o
                0x0000da28                ENET_Error_IRQHandler
 .text.GPIO_WritePinOutput
                0x0000da48       0x34 ./drivers/fsl_gpio.o
 .text.GPIO_PinInit
                0x0000da7c       0x70 ./drivers/fsl_gpio.o
                0x0000da7c                GPIO_PinInit
 .text.CLOCK_EnableClock
                0x0000daec       0x34 ./drivers/fsl_pit.o
 .text.PIT_GetInstance
                0x0000db20       0x50 ./drivers/fsl_pit.o
 .text.PIT_Init
                0x0000db70       0x70 ./drivers/fsl_pit.o
                0x0000db70                PIT_Init
 .text.CLOCK_EnableClock
                0x0000dbe0       0x34 ./drivers/fsl_uart.o
 .text.UART_GetInstance
                0x0000dc14       0x60 ./drivers/fsl_uart.o
                0x0000dc14                UART_GetInstance
 .text.UART_Init
                0x0000dc74      0x2d8 ./drivers/fsl_uart.o
                0x0000dc74                UART_Init
 .text.UART_GetDefaultConfig
                0x0000df4c       0x5c ./drivers/fsl_uart.o
                0x0000df4c                UART_GetDefaultConfig
 .text.UART_GetStatusFlags
                0x0000dfa8       0x48 ./drivers/fsl_uart.o
                0x0000dfa8                UART_GetStatusFlags
 .text.UART_WriteBlocking
                0x0000dff0       0x40 ./drivers/fsl_uart.o
                0x0000dff0                UART_WriteBlocking
 .text.UART_ReadBlocking
                0x0000e030       0xa4 ./drivers/fsl_uart.o
                0x0000e030                UART_ReadBlocking
 .text.UART0_DriverIRQHandler
                0x0000e0d4       0x20 ./drivers/fsl_uart.o
                0x0000e0d4                UART0_DriverIRQHandler
 .text.UART0_RX_TX_DriverIRQHandler
                0x0000e0f4        0xc ./drivers/fsl_uart.o
                0x0000e0f4                UART0_RX_TX_DriverIRQHandler
 .text.UART1_DriverIRQHandler
                0x0000e100       0x20 ./drivers/fsl_uart.o
                0x0000e100                UART1_DriverIRQHandler
 .text.UART1_RX_TX_DriverIRQHandler
                0x0000e120        0xc ./drivers/fsl_uart.o
                0x0000e120                UART1_RX_TX_DriverIRQHandler
 .text.UART2_DriverIRQHandler
                0x0000e12c       0x20 ./drivers/fsl_uart.o
                0x0000e12c                UART2_DriverIRQHandler
 .text.UART2_RX_TX_DriverIRQHandler
                0x0000e14c        0xc ./drivers/fsl_uart.o
                0x0000e14c                UART2_RX_TX_DriverIRQHandler
 .text.UART3_DriverIRQHandler
                0x0000e158       0x20 ./drivers/fsl_uart.o
                0x0000e158                UART3_DriverIRQHandler
 .text.UART3_RX_TX_DriverIRQHandler
                0x0000e178        0xc ./drivers/fsl_uart.o
                0x0000e178                UART3_RX_TX_DriverIRQHandler
 .text.UART4_DriverIRQHandler
                0x0000e184       0x20 ./drivers/fsl_uart.o
                0x0000e184                UART4_DriverIRQHandler
 .text.UART4_RX_TX_DriverIRQHandler
                0x0000e1a4        0xc ./drivers/fsl_uart.o
                0x0000e1a4                UART4_RX_TX_DriverIRQHandler
 .text.UART5_DriverIRQHandler
                0x0000e1b0       0x20 ./drivers/fsl_uart.o
                0x0000e1b0                UART5_DriverIRQHandler
 .text.UART5_RX_TX_DriverIRQHandler
                0x0000e1d0        0xc ./drivers/fsl_uart.o
                0x0000e1d0                UART5_RX_TX_DriverIRQHandler
 .text.BOARD_InitDebugConsole
                0x0000e1dc       0x24 ./board/board.o
                0x0000e1dc                BOARD_InitDebugConsole
 .text.CLOCK_SetSimSafeDivs
                0x0000e200       0x20 ./board/clock_config.o
 .text.CLOCK_SetXtal0Freq
                0x0000e220       0x1c ./board/clock_config.o
 .text.BOARD_BootClockRUN
                0x0000e23c       0x64 ./board/clock_config.o
                0x0000e23c                BOARD_BootClockRUN
 .text.BOARD_InitOsc0
                0x0000e2a0       0x30 ./board/clock_config.o
                0x0000e2a0                BOARD_InitOsc0
 .text.CLOCK_EnableClock
                0x0000e2d0       0x34 ./board/fsl_phy.o
 .text.ENET_ReadSMIData
                0x0000e304       0x1c ./board/fsl_phy.o
 .text.ENET_GetInterruptStatus
                0x0000e320       0x18 ./board/fsl_phy.o
 .text.ENET_ClearInterruptStatus
                0x0000e338       0x1c ./board/fsl_phy.o
 .text.PHY_Init
                0x0000e354       0xc4 ./board/fsl_phy.o
                0x0000e354                PHY_Init
 .text.PHY_Write
                0x0000e418       0x70 ./board/fsl_phy.o
                0x0000e418                PHY_Write
 .text.PHY_Read
                0x0000e488       0x98 ./board/fsl_phy.o
                0x0000e488                PHY_Read
 .text.PHY_GetLinkStatus
                0x0000e520       0x68 ./board/fsl_phy.o
                0x0000e520                PHY_GetLinkStatus
 .text.PHY_GetLinkSpeedDuplex
                0x0000e588       0x98 ./board/fsl_phy.o
                0x0000e588                PHY_GetLinkSpeedDuplex
 .text.CLOCK_EnableClock
                0x0000e620       0x34 ./board/pin_mux.o
 .text.PORT_SetPinMux
                0x0000e654       0x38 ./board/pin_mux.o
 .text.BOARD_InitPins
                0x0000e68c      0x100 ./board/pin_mux.o
                0x0000e68c                BOARD_InitPins
 .text.exit     0x0000e78c       0x28 c:/freescale/kds_v3/toolchain/bin/../lib/gcc/arm-none-eabi/4.8.4/../../../../arm-none-eabi/lib/armv7e-m/fpu\libg_s.a(lib_a-exit.o)
                0x0000e78c                exit
 .text.__libc_init_array
                0x0000e7b4       0x4c c:/freescale/kds_v3/toolchain/bin/../lib/gcc/arm-none-eabi/4.8.4/../../../../arm-none-eabi/lib/armv7e-m/fpu\libg_s.a(lib_a-init.o)
                0x0000e7b4                __libc_init_array
 .text.memcmp   0x0000e800       0x1e c:/freescale/kds_v3/toolchain/bin/../lib/gcc/arm-none-eabi/4.8.4/../../../../arm-none-eabi/lib/armv7e-m/fpu\libg_s.a(lib_a-memcmp.o)
                0x0000e800                memcmp
 .text.memcpy   0x0000e81e       0x12 c:/freescale/kds_v3/toolchain/bin/../lib/gcc/arm-none-eabi/4.8.4/../../../../arm-none-eabi/lib/armv7e-m/fpu\libg_s.a(lib_a-memcpy-stub.o)
                0x0000e81e                memcpy
 .text.memset   0x0000e830       0x10 c:/freescale/kds_v3/toolchain/bin/../lib/gcc/arm-none-eabi/4.8.4/../../../../arm-none-eabi/lib/armv7e-m/fpu\libg_s.a(lib_a-memset.o)
                0x0000e830                memset
 .text.strlen   0x0000e840       0x10 c:/freescale/kds_v3/toolchain/bin/../lib/gcc/arm-none-eabi/4.8.4/../../../../arm-none-eabi/lib/armv7e-m/fpu\libg_s.a(lib_a-strlen.o)
                0x0000e840                strlen
 .text._exit    0x0000e850        0x4 c:/freescale/kds_v3/toolchain/bin/../lib/gcc/arm-none-eabi/4.8.4/../../../../arm-none-eabi/lib/armv7e-m/fpu\libnosys.a(_exit.o)
                0x0000e850                _exit
 *(.rodata)
 .rodata        0x0000e854       0xec ./source/lwip_tcpecho_bm.o
 .rodata        0x0000e940       0x38 ./lwip_tcpecho_raw/tcpecho_raw.o
 .rodata        0x0000e978      0x494 ./lwip/src/core/ipv4/dhcp.o
 .rodata        0x0000ee0c      0x208 ./lwip/src/core/ipv4/etharp.o
 .rodata        0x0000f014       0x98 ./lwip/src/core/ipv4/icmp.o
 .rodata        0x0000f0ac       0x3c ./lwip/src/core/ipv4/ip4.o
 .rodata        0x0000f0e8      0x178 ./lwip/src/core/ipv4/ip4_frag.o
 .rodata        0x0000f260      0x1a4 ./lwip/src/core/mem.o
 .rodata        0x0000f404       0xfc ./lwip/src/core/memp.o
 .rodata        0x0000f500       0x18 ./lwip/src/core/netif.o
 .rodata        0x0000f518      0x4a0 ./lwip/src/core/pbuf.o
 .rodata        0x0000f9b8      0x424 ./lwip/src/core/tcp.o
 .rodata        0x0000fddc      0x2c8 ./lwip/src/core/tcp_in.o
 .rodata        0x000100a4      0x3e0 ./lwip/src/core/tcp_out.o
 .rodata        0x00010484       0x40 ./lwip/src/core/timeouts.o
 .rodata        0x000104c4       0x44 ./lwip/src/core/udp.o
 .rodata        0x00010508       0x2c ./lwip/port/ethernetif.o
 .rodata        0x00010534       0x44 ./lwip/port/sys_arch.o
 .rodata        0x00010578       0x6c ./drivers/fsl_clock.o
 .rodata        0x000105e4       0x40 ./drivers/fsl_common.o
 .rodata        0x00010624      0x314 ./drivers/fsl_enet.o
 .rodata        0x00010938       0x6c ./drivers/fsl_gpio.o
 .rodata        0x000109a4       0x68 ./drivers/fsl_pit.o
 .rodata        0x00010a0c      0x150 ./drivers/fsl_uart.o
 .rodata        0x00010b5c       0x1c ./board/clock_config.o
 .rodata        0x00010b78       0x68 ./board/fsl_phy.o
 *(.rodata*)
 .rodata.ethbroadcast
                0x00010be0        0x8 ./lwip/src/netif/ethernet.o
                0x00010be0                ethbroadcast
 .rodata.ethzero
                0x00010be8        0x8 ./lwip/src/netif/ethernet.o
                0x00010be8                ethzero
 .rodata.ip_addr_any
                0x00010bf0        0x4 ./lwip/src/core/ipv4/ip4_addr.o
                0x00010bf0                ip_addr_any
 .rodata.ip_addr_broadcast
                0x00010bf4        0x4 ./lwip/src/core/ipv4/ip4_addr.o
                0x00010bf4                ip_addr_broadcast
 .rodata.memp_UDP_PCB
                0x00010bf8       0x10 ./lwip/src/core/memp.o
                0x00010bf8                memp_UDP_PCB
 .rodata.memp_TCP_PCB
                0x00010c08       0x10 ./lwip/src/core/memp.o
                0x00010c08                memp_TCP_PCB
 .rodata.memp_TCP_PCB_LISTEN
                0x00010c18       0x10 ./lwip/src/core/memp.o
                0x00010c18                memp_TCP_PCB_LISTEN
 .rodata.memp_TCP_SEG
                0x00010c28       0x10 ./lwip/src/core/memp.o
                0x00010c28                memp_TCP_SEG
 .rodata.memp_REASSDATA
                0x00010c38       0x10 ./lwip/src/core/memp.o
                0x00010c38                memp_REASSDATA
 .rodata.memp_FRAG_PBUF
                0x00010c48       0x10 ./lwip/src/core/memp.o
                0x00010c48                memp_FRAG_PBUF
 .rodata.memp_SYS_TIMEOUT
                0x00010c58       0x10 ./lwip/src/core/memp.o
                0x00010c58                memp_SYS_TIMEOUT
 .rodata.memp_PBUF
                0x00010c68       0x10 ./lwip/src/core/memp.o
                0x00010c68                memp_PBUF
 .rodata.memp_PBUF_POOL
                0x00010c78       0x10 ./lwip/src/core/memp.o
                0x00010c78                memp_PBUF_POOL
 .rodata.memp_pools
                0x00010c88       0x24 ./lwip/src/core/memp.o
                0x00010c88                memp_pools
 .rodata.tcp_backoff
                0x00010cac       0x10 ./lwip/src/core/tcp.o
                0x00010cac                tcp_backoff
 .rodata.tcp_persist_backoff
                0x00010cbc        0x8 ./lwip/src/core/tcp.o
                0x00010cbc                tcp_persist_backoff
 .rodata.tcp_pcb_lists
                0x00010cc4       0x10 ./lwip/src/core/tcp.o
                0x00010cc4                tcp_pcb_lists
 .rodata.lwip_cyclic_timers
                0x00010cd4       0x28 ./lwip/src/core/timeouts.o
                0x00010cd4                lwip_cyclic_timers
 .rodata.__func__.6358
                0x00010cfc       0x18 ./lwip/port/sys_arch.o
 .rodata.__func__.6318
                0x00010d14       0x18 ./drivers/fsl_clock.o
 .rodata.__func__.6363
                0x00010d2c       0x18 ./drivers/fsl_clock.o
 .rodata.__func__.6371
                0x00010d44       0x18 ./drivers/fsl_clock.o
 .rodata.fllFactorTable.6446
                0x00010d5c       0x10 ./drivers/fsl_clock.o
 .rodata.__func__.6461
                0x00010d6c       0x14 ./drivers/fsl_clock.o
 .rodata.__func__.6509
                0x00010d80       0x14 ./drivers/fsl_clock.o
 .rodata.__func__.6645
                0x00010d94       0x14 ./drivers/fsl_clock.o
 .rodata.__func__.6709
                0x00010da8       0x14 ./drivers/fsl_clock.o
 .rodata.s_enetClock
                0x00010dbc        0x4 ./drivers/fsl_enet.o
                0x00010dbc                s_enetClock
 .rodata.__func__.6565
                0x00010dc0       0x14 ./drivers/fsl_enet.o
 .rodata.__func__.6569
                0x00010dd4       0x18 ./drivers/fsl_enet.o
 .rodata.__func__.6578
                0x00010dec        0xc ./drivers/fsl_enet.o
 .rodata.__func__.6608
                0x00010df8       0x1c ./drivers/fsl_enet.o
 .rodata.__func__.6621
                0x00010e14       0x1c ./drivers/fsl_enet.o
 .rodata.__func__.6650
                0x00010e30        0xc ./drivers/fsl_enet.o
 .rodata.__func__.6682
                0x00010e3c       0x14 ./drivers/fsl_enet.o
 .rodata.__func__.6693
                0x00010e50       0x10 ./drivers/fsl_enet.o
 .rodata.__func__.6709
                0x00010e60       0x18 ./drivers/fsl_enet.o
 .rodata.__func__.6716
                0x00010e78       0x10 ./drivers/fsl_enet.o
 .rodata.__func__.6756
                0x00010e88       0x18 ./drivers/fsl_enet.o
 .rodata.__func__.6764
                0x00010ea0       0x18 ./drivers/fsl_enet.o
 .rodata.__func__.6772
                0x00010eb8       0x18 ./drivers/fsl_enet.o
 .rodata.__func__.6342
                0x00010ed0       0x10 ./drivers/fsl_gpio.o
 .rodata.__func__.6367
                0x00010ee0       0x10 ./drivers/fsl_pit.o
 .rodata.__func__.6372
                0x00010ef0        0xc ./drivers/fsl_pit.o
 .rodata.s_uartBases
                0x00010efc       0x18 ./drivers/fsl_uart.o
 .rodata.s_uartClock
                0x00010f14       0x18 ./drivers/fsl_uart.o
 .rodata.__func__.6517
                0x00010f2c       0x14 ./drivers/fsl_uart.o
 .rodata.__func__.6533
                0x00010f40        0xc ./drivers/fsl_uart.o
 .rodata.__func__.6551
                0x00010f4c       0x18 ./drivers/fsl_uart.o
 .rodata.__func__.6611
                0x00010f64       0x14 ./drivers/fsl_uart.o
 .rodata.__func__.6598
                0x00010f78        0xc ./board/fsl_phy.o
 .rodata.__func__.6616
                0x00010f84       0x14 ./board/fsl_phy.o
 .rodata.__func__.6625
                0x00010f98       0x18 ./board/fsl_phy.o
 .rodata.str1.1
                0x00010fb0        0x2 c:/freescale/kds_v3/toolchain/bin/../lib/gcc/arm-none-eabi/4.8.4/../../../../arm-none-eabi/lib/armv7e-m/fpu\libg_s.a(lib_a-impure.o)
 *fill*         0x00010fb2        0x2 
 .rodata._global_impure_ptr
                0x00010fb4        0x4 c:/freescale/kds_v3/toolchain/bin/../lib/gcc/arm-none-eabi/4.8.4/../../../../arm-none-eabi/lib/armv7e-m/fpu\libg_s.a(lib_a-impure.o)
                0x00010fb4                _global_impure_ptr
 *(.glue_7)
 .glue_7        0x00000000        0x0 linker stubs
 *(.glue_7t)
 .glue_7t       0x00000000        0x0 linker stubs
 *(.eh_frame)
 .eh_frame      0x00010fb8        0x0 c:/freescale/kds_v3/toolchain/bin/../lib/gcc/arm-none-eabi/4.8.4/armv7e-m/fpu/crtbegin.o
 *(.init)
 .init          0x00010fb8        0x4 c:/freescale/kds_v3/toolchain/bin/../lib/gcc/arm-none-eabi/4.8.4/armv7e-m/fpu/crti.o
                0x00010fb8                _init
 .init          0x00010fbc        0x8 c:/freescale/kds_v3/toolchain/bin/../lib/gcc/arm-none-eabi/4.8.4/armv7e-m/fpu/crtn.o
 *(.fini)
 .fini          0x00010fc4        0x4 c:/freescale/kds_v3/toolchain/bin/../lib/gcc/arm-none-eabi/4.8.4/armv7e-m/fpu/crti.o
                0x00010fc4                _fini
 .fini          0x00010fc8        0x8 c:/freescale/kds_v3/toolchain/bin/../lib/gcc/arm-none-eabi/4.8.4/armv7e-m/fpu/crtn.o
                0x00010fd0                . = ALIGN (0x4)

.vfp11_veneer   0x00010fd0        0x0
 .vfp11_veneer  0x00000000        0x0 linker stubs

.v4_bx          0x00010fd0        0x0
 .v4_bx         0x00000000        0x0 linker stubs

.iplt           0x00010fd0        0x0
 .iplt          0x00000000        0x0 c:/freescale/kds_v3/toolchain/bin/../lib/gcc/arm-none-eabi/4.8.4/armv7e-m/fpu/crtbegin.o

.ARM.extab
 *(.ARM.extab* .gnu.linkonce.armextab.*)

.ARM            0x00010fd0        0x8
                0x00010fd0                __exidx_start = .
 *(.ARM.exidx*)
 .ARM.exidx     0x00010fd0        0x8 c:/freescale/kds_v3/toolchain/bin/../lib/gcc/arm-none-eabi/4.8.4/../../../../arm-none-eabi/lib/armv7e-m/fpu/crt0.o
 .ARM.exidx     0x00010fd8        0x0 c:/freescale/kds_v3/toolchain/bin/../lib/gcc/arm-none-eabi/4.8.4/armv7e-m/fpu\libgcc.a(_divdi3.o)
                                  0x8 (size before relaxing)
 .ARM.exidx     0x00010fd8        0x0 c:/freescale/kds_v3/toolchain/bin/../lib/gcc/arm-none-eabi/4.8.4/armv7e-m/fpu\libgcc.a(_udivdi3.o)
                                  0x8 (size before relaxing)
                0x00010fd8                __exidx_end = .

.rel.dyn        0x00010fd8        0x0
 .rel.iplt      0x00000000        0x0 c:/freescale/kds_v3/toolchain/bin/../lib/gcc/arm-none-eabi/4.8.4/armv7e-m/fpu/crtbegin.o

.ctors          0x00010fd8        0x0
                0x00010fd8                __CTOR_LIST__ = .
 *crtbegin.o(.ctors)
 *crtbegin?.o(.ctors)
 *(EXCLUDE_FILE(*crtend.o *crtend?.o) .ctors)
 *(SORT(.ctors.*))
 *(.ctors)
                0x00010fd8                __CTOR_END__ = .

.dtors          0x00010fd8        0x0
                0x00010fd8                __DTOR_LIST__ = .
 *crtbegin.o(.dtors)
 *crtbegin?.o(.dtors)
 *(EXCLUDE_FILE(*crtend.o *crtend?.o) .dtors)
 *(SORT(.dtors.*))
 *(.dtors)
                0x00010fd8                __DTOR_END__ = .

.preinit_array  0x00010fd8        0x0
                0x00010fd8                PROVIDE (__preinit_array_start, .)
 *(.preinit_array*)
                0x00010fd8                PROVIDE (__preinit_array_end, .)

.init_array     0x00010fd8        0x4
                0x00010fd8                PROVIDE (__init_array_start, .)
 *(SORT(.init_array.*))
 *(.init_array*)
 .init_array    0x00010fd8        0x4 c:/freescale/kds_v3/toolchain/bin/../lib/gcc/arm-none-eabi/4.8.4/armv7e-m/fpu/crtbegin.o
                0x00010fdc                PROVIDE (__init_array_end, .)

.fini_array     0x00010fdc        0x4
                0x00010fdc                PROVIDE (__fini_array_start, .)
 *(SORT(.fini_array.*))
 *(.fini_array*)
 .fini_array    0x00010fdc        0x4 c:/freescale/kds_v3/toolchain/bin/../lib/gcc/arm-none-eabi/4.8.4/armv7e-m/fpu/crtbegin.o
                0x00010fe0                PROVIDE (__fini_array_end, .)
                0x00010fe0                __etext = .
                0x00010fe0                __DATA_ROM = .

.interrupts_ram
                0x1fff0000      0x400
                0x1fff0000                . = ALIGN (0x4)
                0x1fff0000                __VECTOR_RAM__ = .
                0x1fff0000                __interrupts_ram_start__ = .
 *(.m_interrupts_ram)
                0x1fff0400                . = (. + M_VECTOR_RAM_SIZE)
 *fill*         0x1fff0000      0x400 
                0x1fff0400                . = ALIGN (0x4)
                0x1fff0400                __interrupts_ram_end__ = .
                0x00000000                __VECTOR_RAM = DEFINED (__ram_vector_table__)?__VECTOR_RAM__:ORIGIN (m_interrupts)
                0x00000000                __RAM_VECTOR_TABLE_SIZE_BYTES = DEFINED (__ram_vector_table__)?(__interrupts_ram_end__ - __interrupts_ram_start__):0x0

.data           0x1fff0400       0x84 load address 0x00010fe0
                0x1fff0400                . = ALIGN (0x4)
                0x1fff0400                __DATA_RAM = .
                0x1fff0400                __data_start__ = .
 *(.data)
 *(.data*)
 .data.SystemCoreClock
                0x1fff0400        0x4 ./startup/system_MK64F12.o
                0x1fff0400                SystemCoreClock
 .data.dhcp_discover_request_options
                0x1fff0404        0x4 ./lwip/src/core/ipv4/dhcp.o
 .data.xid.7316
                0x1fff0408        0x4 ./lwip/src/core/ipv4/dhcp.o
 .data.tcp_port
                0x1fff040c        0x2 ./lwip/src/core/tcp.o
 *fill*         0x1fff040e        0x2 
 .data.iss.7370
                0x1fff0410        0x4 ./lwip/src/core/tcp.o
 .data.udp_port
                0x1fff0414        0x2 ./lwip/src/core/udp.o
 *fill*         0x1fff0416        0x2 
 .data.s_slowIrcFreq
                0x1fff0418        0x4 ./drivers/fsl_clock.o
 .data.s_fastIrcFreq
                0x1fff041c        0x4 ./drivers/fsl_clock.o
 .data.impure_data
                0x1fff0420       0x60 c:/freescale/kds_v3/toolchain/bin/../lib/gcc/arm-none-eabi/4.8.4/../../../../arm-none-eabi/lib/armv7e-m/fpu\libg_s.a(lib_a-impure.o)
 *(.jcr*)
 .jcr           0x1fff0480        0x0 c:/freescale/kds_v3/toolchain/bin/../lib/gcc/arm-none-eabi/4.8.4/armv7e-m/fpu/crtbegin.o
 .jcr           0x1fff0480        0x4 c:/freescale/kds_v3/toolchain/bin/../lib/gcc/arm-none-eabi/4.8.4/armv7e-m/fpu/crtend.o
                0x1fff0484                . = ALIGN (0x4)
                0x1fff0484                __data_end__ = .
                0x00011064                __DATA_END = (__DATA_ROM + (__data_end__ - __data_start__))
                0x00100000                text_end = (ORIGIN (m_text) + 0xffbf0)
                0x00000001                ASSERT ((__DATA_END <= text_end), region m_text overflowed with text and data)
                0x00000000                USB_RAM_GAP = DEFINED (__usb_ram_size__)?__usb_ram_size__:0x0

.igot.plt       0x1fff0484        0x0 load address 0x00011064
 .igot.plt      0x00000000        0x0 c:/freescale/kds_v3/toolchain/bin/../lib/gcc/arm-none-eabi/4.8.4/armv7e-m/fpu/crtbegin.o

.bss            0x1fff0484     0xd77c load address 0x00011064
                0x1fff0484                . = ALIGN (0x4)
                0x1fff0484                __START_BSS = .
                0x1fff0484                __bss_start__ = .
 *(.bss)
 .bss           0x1fff0484       0x1c c:/freescale/kds_v3/toolchain/bin/../lib/gcc/arm-none-eabi/4.8.4/armv7e-m/fpu/crtbegin.o
 *(.bss*)
 .bss.s_debugConsole
                0x1fff04a0       0x10 ./utilities/fsl_debug_console.o
 .bss.tcpecho_raw_pcb
                0x1fff04b0        0x4 ./lwip_tcpecho_raw/tcpecho_raw.o
 .bss.dhcp_pcb  0x1fff04b4        0x4 ./lwip/src/core/ipv4/dhcp.o
 .bss.arp_table
                0x1fff04b8       0xf0 ./lwip/src/core/ipv4/etharp.o
 .bss.etharp_cached_entry
                0x1fff05a8        0x1 ./lwip/src/core/ipv4/etharp.o
 *fill*         0x1fff05a9        0x1 
 .bss.ip_id     0x1fff05aa        0x2 ./lwip/src/core/ipv4/ip4.o
 .bss.reassdatagrams
                0x1fff05ac        0x4 ./lwip/src/core/ipv4/ip4_frag.o
 .bss.ip_reass_pbufcount
                0x1fff05b0        0x2 ./lwip/src/core/ipv4/ip4_frag.o
 *fill*         0x1fff05b2        0x2 
 .bss.ip_data   0x1fff05b4       0x18 ./lwip/src/core/ip.o
                0x1fff05b4                ip_data
 .bss.ram_heap  0x1fff05cc     0x5814 ./lwip/src/core/mem.o
                0x1fff05cc                ram_heap
 .bss.ram       0x1fff5de0        0x4 ./lwip/src/core/mem.o
 .bss.ram_end   0x1fff5de4        0x4 ./lwip/src/core/mem.o
 .bss.lfree     0x1fff5de8        0x4 ./lwip/src/core/mem.o
 .bss.memp_memory_UDP_PCB_base
                0x1fff5dec       0xc4 ./lwip/src/core/memp.o
                0x1fff5dec                memp_memory_UDP_PCB_base
 .bss.memp_tab_UDP_PCB
                0x1fff5eb0        0x4 ./lwip/src/core/memp.o
 .bss.memp_memory_TCP_PCB_base
                0x1fff5eb4      0x5cc ./lwip/src/core/memp.o
                0x1fff5eb4                memp_memory_TCP_PCB_base
 .bss.memp_tab_TCP_PCB
                0x1fff6480        0x4 ./lwip/src/core/memp.o
 .bss.memp_memory_TCP_PCB_LISTEN_base
                0x1fff6484       0xc4 ./lwip/src/core/memp.o
                0x1fff6484                memp_memory_TCP_PCB_LISTEN_base
 .bss.memp_tab_TCP_PCB_LISTEN
                0x1fff6548        0x4 ./lwip/src/core/memp.o
 .bss.memp_memory_TCP_SEG_base
                0x1fff654c      0x1bc ./lwip/src/core/memp.o
                0x1fff654c                memp_memory_TCP_SEG_base
 .bss.memp_tab_TCP_SEG
                0x1fff6708        0x4 ./lwip/src/core/memp.o
 .bss.memp_memory_REASSDATA_base
                0x1fff670c       0xa4 ./lwip/src/core/memp.o
                0x1fff670c                memp_memory_REASSDATA_base
 .bss.memp_tab_REASSDATA
                0x1fff67b0        0x4 ./lwip/src/core/memp.o
 .bss.memp_memory_FRAG_PBUF_base
                0x1fff67b4      0x16c ./lwip/src/core/memp.o
                0x1fff67b4                memp_memory_FRAG_PBUF_base
 .bss.memp_tab_FRAG_PBUF
                0x1fff6920        0x4 ./lwip/src/core/memp.o
 .bss.memp_memory_SYS_TIMEOUT_base
                0x1fff6924       0xa4 ./lwip/src/core/memp.o
                0x1fff6924                memp_memory_SYS_TIMEOUT_base
 .bss.memp_tab_SYS_TIMEOUT
                0x1fff69c8        0x4 ./lwip/src/core/memp.o
 .bss.memp_memory_PBUF_base
                0x1fff69cc       0xf4 ./lwip/src/core/memp.o
                0x1fff69cc                memp_memory_PBUF_base
 .bss.memp_tab_PBUF
                0x1fff6ac0        0x4 ./lwip/src/core/memp.o
 .bss.memp_memory_PBUF_POOL_base
                0x1fff6ac4     0x38d4 ./lwip/src/core/memp.o
                0x1fff6ac4                memp_memory_PBUF_POOL_base
 .bss.memp_tab_PBUF_POOL
                0x1fffa398        0x4 ./lwip/src/core/memp.o
 .bss.netif_list
                0x1fffa39c        0x4 ./lwip/src/core/netif.o
                0x1fffa39c                netif_list
 .bss.netif_default
                0x1fffa3a0        0x4 ./lwip/src/core/netif.o
                0x1fffa3a0                netif_default
 .bss.netif_num
                0x1fffa3a4        0x1 ./lwip/src/core/netif.o
 *fill*         0x1fffa3a5        0x3 
 .bss.tcp_ticks
                0x1fffa3a8        0x4 ./lwip/src/core/tcp.o
                0x1fffa3a8                tcp_ticks
 .bss.tcp_bound_pcbs
                0x1fffa3ac        0x4 ./lwip/src/core/tcp.o
                0x1fffa3ac                tcp_bound_pcbs
 .bss.tcp_listen_pcbs
                0x1fffa3b0        0x4 ./lwip/src/core/tcp.o
                0x1fffa3b0                tcp_listen_pcbs
 .bss.tcp_active_pcbs
                0x1fffa3b4        0x4 ./lwip/src/core/tcp.o
                0x1fffa3b4                tcp_active_pcbs
 .bss.tcp_tw_pcbs
                0x1fffa3b8        0x4 ./lwip/src/core/tcp.o
                0x1fffa3b8                tcp_tw_pcbs
 .bss.tcp_active_pcbs_changed
                0x1fffa3bc        0x1 ./lwip/src/core/tcp.o
                0x1fffa3bc                tcp_active_pcbs_changed
 .bss.tcp_timer
                0x1fffa3bd        0x1 ./lwip/src/core/tcp.o
 .bss.tcp_timer_ctr
                0x1fffa3be        0x1 ./lwip/src/core/tcp.o
 *fill*         0x1fffa3bf        0x1 
 .bss.inseg     0x1fffa3c0       0x14 ./lwip/src/core/tcp_in.o
 .bss.tcphdr    0x1fffa3d4        0x4 ./lwip/src/core/tcp_in.o
 .bss.tcphdr_optlen
                0x1fffa3d8        0x2 ./lwip/src/core/tcp_in.o
 .bss.tcphdr_opt1len
                0x1fffa3da        0x2 ./lwip/src/core/tcp_in.o
 .bss.tcphdr_opt2
                0x1fffa3dc        0x4 ./lwip/src/core/tcp_in.o
 .bss.tcp_optidx
                0x1fffa3e0        0x2 ./lwip/src/core/tcp_in.o
 *fill*         0x1fffa3e2        0x2 
 .bss.seqno     0x1fffa3e4        0x4 ./lwip/src/core/tcp_in.o
 .bss.ackno     0x1fffa3e8        0x4 ./lwip/src/core/tcp_in.o
 .bss.recv_acked
                0x1fffa3ec        0x2 ./lwip/src/core/tcp_in.o
 .bss.tcplen    0x1fffa3ee        0x2 ./lwip/src/core/tcp_in.o
 .bss.flags     0x1fffa3f0        0x1 ./lwip/src/core/tcp_in.o
 .bss.recv_flags
                0x1fffa3f1        0x1 ./lwip/src/core/tcp_in.o
 *fill*         0x1fffa3f2        0x2 
 .bss.recv_data
                0x1fffa3f4        0x4 ./lwip/src/core/tcp_in.o
 .bss.tcp_input_pcb
                0x1fffa3f8        0x4 ./lwip/src/core/tcp_in.o
                0x1fffa3f8                tcp_input_pcb
 .bss.next_timeout
                0x1fffa3fc        0x4 ./lwip/src/core/timeouts.o
 .bss.timeouts_last_time
                0x1fffa400        0x4 ./lwip/src/core/timeouts.o
 .bss.tcpip_tcp_timer_active
                0x1fffa404        0x4 ./lwip/src/core/timeouts.o
 .bss.udp_pcbs  0x1fffa408        0x4 ./lwip/src/core/udp.o
                0x1fffa408                udp_pcbs
 .bss.ethernetif_0
                0x1fffa40c     0x3028 ./lwip/port/ethernetif.o
 .bss.ucBuffer.7091
                0x1fffd434      0x5f0 ./lwip/port/ethernetif.o
 .bss.time_now  0x1fffda24        0x4 ./lwip/port/sys_arch.o
 .bss.g_xtal0Freq
                0x1fffda28        0x4 ./drivers/fsl_clock.o
                0x1fffda28                g_xtal0Freq
 .bss.g_xtal32Freq
                0x1fffda2c        0x4 ./drivers/fsl_clock.o
                0x1fffda2c                g_xtal32Freq
 .bss.s_ENETHandle
                0x1fffda30        0x4 ./drivers/fsl_enet.o
 .bss.s_enetTxIsr
                0x1fffda34        0x4 ./drivers/fsl_enet.o
 .bss.s_enetRxIsr
                0x1fffda38        0x4 ./drivers/fsl_enet.o
 .bss.s_enetErrIsr
                0x1fffda3c        0x4 ./drivers/fsl_enet.o
 .bss.s_uartHandle
                0x1fffda40       0x18 ./drivers/fsl_uart.o
 .bss.s_uartIsr
                0x1fffda58        0x4 ./drivers/fsl_uart.o
                0x1fffdc00                . = ALIGN (0x200)
 *fill*         0x1fffda5c      0x1a4 
                0x1fffdc00                USB_RAM_START = .
                0x1fffdc00                . = (. + USB_RAM_GAP)
 *(COMMON)
                0x1fffdc00                . = ALIGN (0x4)
                0x1fffdc00                __bss_end__ = .
                0x1fffdc00                __END_BSS = .

.heap           0x20000000     0x1000
                0x20000000                . = ALIGN (0x8)
                0x20000000                __end__ = .
                0x20000000                PROVIDE (end, .)
                0x20000000                __HeapBase = .
                0x20001000                . = (. + HEAP_SIZE)
 *fill*         0x20000000     0x1000 
                0x20001000                __HeapLimit = .
                0x20001000                __heap_limit = .

.stack          0x20001000     0x1000
                0x20001000                . = ALIGN (0x8)
                0x20002000                . = (. + STACK_SIZE)
 *fill*         0x20001000     0x1000 

m_usb_bdt       0x1fffdc00        0x0
 *(m_usb_bdt)
                0x1fffdc00                USB_RAM_BDT_END = .

m_usb_global
 *(m_usb_global)
                0x20030000                __StackTop = (ORIGIN (m_data_2) + 0x30000)
                0x2002f000                __StackLimit = (__StackTop - STACK_SIZE)
                0x20030000                PROVIDE (__stack, __StackTop)

.ARM.attributes
                0x00000000       0x30
 *(.ARM.attributes)
 .ARM.attributes
                0x00000000       0x22 c:/freescale/kds_v3/toolchain/bin/../lib/gcc/arm-none-eabi/4.8.4/armv7e-m/fpu/crti.o
 .ARM.attributes
                0x00000022       0x34 c:/freescale/kds_v3/toolchain/bin/../lib/gcc/arm-none-eabi/4.8.4/armv7e-m/fpu/crtbegin.o
 .ARM.attributes
                0x00000056       0x20 c:/freescale/kds_v3/toolchain/bin/../lib/gcc/arm-none-eabi/4.8.4/../../../../arm-none-eabi/lib/armv7e-m/fpu/crt0.o
 .ARM.attributes
                0x00000076       0x39 ./utilities/fsl_debug_console.o
 .ARM.attributes
                0x000000af       0x1f ./startup/startup_MK64F12.o
 .ARM.attributes
                0x000000ce       0x39 ./startup/system_MK64F12.o
 .ARM.attributes
                0x00000107       0x39 ./source/lwip_tcpecho_bm.o
 .ARM.attributes
                0x00000140       0x39 ./lwip_tcpecho_raw/tcpecho_raw.o
 .ARM.attributes
                0x00000179       0x39 ./lwip/src/netif/ethernet.o
 .ARM.attributes
                0x000001b2       0x39 ./lwip/src/core/ipv4/dhcp.o
 .ARM.attributes
                0x000001eb       0x39 ./lwip/src/core/ipv4/etharp.o
 .ARM.attributes
                0x00000224       0x39 ./lwip/src/core/ipv4/icmp.o
 .ARM.attributes
                0x0000025d       0x39 ./lwip/src/core/ipv4/ip4.o
 .ARM.attributes
                0x00000296       0x39 ./lwip/src/core/ipv4/ip4_addr.o
 .ARM.attributes
                0x000002cf       0x39 ./lwip/src/core/ipv4/ip4_frag.o
 .ARM.attributes
                0x00000308       0x39 ./lwip/src/core/def.o
 .ARM.attributes
                0x00000341       0x39 ./lwip/src/core/inet_chksum.o
 .ARM.attributes
                0x0000037a       0x39 ./lwip/src/core/init.o
 .ARM.attributes
                0x000003b3       0x39 ./lwip/src/core/ip.o
 .ARM.attributes
                0x000003ec       0x39 ./lwip/src/core/mem.o
 .ARM.attributes
                0x00000425       0x39 ./lwip/src/core/memp.o
 .ARM.attributes
                0x0000045e       0x39 ./lwip/src/core/netif.o
 .ARM.attributes
                0x00000497       0x39 ./lwip/src/core/pbuf.o
 .ARM.attributes
                0x000004d0       0x39 ./lwip/src/core/tcp.o
 .ARM.attributes
                0x00000509       0x39 ./lwip/src/core/tcp_in.o
 .ARM.attributes
                0x00000542       0x39 ./lwip/src/core/tcp_out.o
 .ARM.attributes
                0x0000057b       0x39 ./lwip/src/core/timeouts.o
 .ARM.attributes
                0x000005b4       0x39 ./lwip/src/core/udp.o
 .ARM.attributes
                0x000005ed       0x39 ./lwip/port/ethernetif.o
 .ARM.attributes
                0x00000626       0x39 ./lwip/port/sys_arch.o
 .ARM.attributes
                0x0000065f       0x39 ./drivers/fsl_clock.o
 .ARM.attributes
                0x00000698       0x39 ./drivers/fsl_common.o
 .ARM.attributes
                0x000006d1       0x39 ./drivers/fsl_enet.o
 .ARM.attributes
                0x0000070a       0x39 ./drivers/fsl_gpio.o
 .ARM.attributes
                0x00000743       0x39 ./drivers/fsl_pit.o
 .ARM.attributes
                0x0000077c       0x39 ./drivers/fsl_uart.o
 .ARM.attributes
                0x000007b5       0x39 ./board/board.o
 .ARM.attributes
                0x000007ee       0x39 ./board/clock_config.o
 .ARM.attributes
                0x00000827       0x39 ./board/fsl_phy.o
 .ARM.attributes
                0x00000860       0x39 ./board/pin_mux.o
 .ARM.attributes
                0x00000899       0x34 c:/freescale/kds_v3/toolchain/bin/../lib/gcc/arm-none-eabi/4.8.4/../../../../arm-none-eabi/lib/armv7e-m/fpu\libg_s.a(lib_a-exit.o)
 .ARM.attributes
                0x000008cd       0x34 c:/freescale/kds_v3/toolchain/bin/../lib/gcc/arm-none-eabi/4.8.4/../../../../arm-none-eabi/lib/armv7e-m/fpu\libg_s.a(lib_a-impure.o)
 .ARM.attributes
                0x00000901       0x34 c:/freescale/kds_v3/toolchain/bin/../lib/gcc/arm-none-eabi/4.8.4/../../../../arm-none-eabi/lib/armv7e-m/fpu\libg_s.a(lib_a-init.o)
 .ARM.attributes
                0x00000935       0x34 c:/freescale/kds_v3/toolchain/bin/../lib/gcc/arm-none-eabi/4.8.4/../../../../arm-none-eabi/lib/armv7e-m/fpu\libg_s.a(lib_a-memcmp.o)
 .ARM.attributes
                0x00000969       0x34 c:/freescale/kds_v3/toolchain/bin/../lib/gcc/arm-none-eabi/4.8.4/../../../../arm-none-eabi/lib/armv7e-m/fpu\libg_s.a(lib_a-memcpy-stub.o)
 .ARM.attributes
                0x0000099d       0x34 c:/freescale/kds_v3/toolchain/bin/../lib/gcc/arm-none-eabi/4.8.4/../../../../arm-none-eabi/lib/armv7e-m/fpu\libg_s.a(lib_a-memset.o)
 .ARM.attributes
                0x000009d1       0x34 c:/freescale/kds_v3/toolchain/bin/../lib/gcc/arm-none-eabi/4.8.4/../../../../arm-none-eabi/lib/armv7e-m/fpu\libg_s.a(lib_a-strlen.o)
 .ARM.attributes
                0x00000a05       0x22 c:/freescale/kds_v3/toolchain/bin/../lib/gcc/arm-none-eabi/4.8.4/armv7e-m/fpu\libgcc.a(_aeabi_uldivmod.o)
 .ARM.attributes
                0x00000a27       0x34 c:/freescale/kds_v3/toolchain/bin/../lib/gcc/arm-none-eabi/4.8.4/armv7e-m/fpu\libgcc.a(bpabi.o)
 .ARM.attributes
                0x00000a5b       0x22 c:/freescale/kds_v3/toolchain/bin/../lib/gcc/arm-none-eabi/4.8.4/armv7e-m/fpu\libgcc.a(_dvmd_tls.o)
 .ARM.attributes
                0x00000a7d       0x34 c:/freescale/kds_v3/toolchain/bin/../lib/gcc/arm-none-eabi/4.8.4/armv7e-m/fpu\libgcc.a(_divdi3.o)
 .ARM.attributes
                0x00000ab1       0x34 c:/freescale/kds_v3/toolchain/bin/../lib/gcc/arm-none-eabi/4.8.4/armv7e-m/fpu\libgcc.a(_udivdi3.o)
 .ARM.attributes
                0x00000ae5       0x34 c:/freescale/kds_v3/toolchain/bin/../lib/gcc/arm-none-eabi/4.8.4/../../../../arm-none-eabi/lib/armv7e-m/fpu\libnosys.a(_exit.o)
 .ARM.attributes
                0x00000b19       0x34 c:/freescale/kds_v3/toolchain/bin/../lib/gcc/arm-none-eabi/4.8.4/armv7e-m/fpu/crtend.o
 .ARM.attributes
                0x00000b4d       0x22 c:/freescale/kds_v3/toolchain/bin/../lib/gcc/arm-none-eabi/4.8.4/armv7e-m/fpu/crtn.o
                0x00000001                ASSERT ((__StackLimit >= __HeapLimit), region m_data_2 overflowed with stack and heap)
OUTPUT(lwip_tcpecho_bm_frdmk64f.elf elf32-littlearm)

.debug_info     0x00000000    0x1a4af
 .debug_info    0x00000000      0xd01 ./utilities/fsl_debug_console.o
 .debug_info    0x00000d01       0xb3 ./startup/startup_MK64F12.o
 .debug_info    0x00000db4      0x5d2 ./startup/system_MK64F12.o
 .debug_info    0x00001386      0xbc0 ./source/lwip_tcpecho_bm.o
 .debug_info    0x00001f46      0xbf5 ./lwip_tcpecho_raw/tcpecho_raw.o
 .debug_info    0x00002b3b      0x554 ./lwip/src/netif/ethernet.o
 .debug_info    0x0000308f     0x145b ./lwip/src/core/ipv4/dhcp.o
 .debug_info    0x000044ea      0xf61 ./lwip/src/core/ipv4/etharp.o
 .debug_info    0x0000544b      0x6da ./lwip/src/core/ipv4/icmp.o
 .debug_info    0x00005b25      0xb29 ./lwip/src/core/ipv4/ip4.o
 .debug_info    0x0000664e      0x719 ./lwip/src/core/ipv4/ip4_addr.o
 .debug_info    0x00006d67      0xba9 ./lwip/src/core/ipv4/ip4_frag.o
 .debug_info    0x00007910      0x168 ./lwip/src/core/def.o
 .debug_info    0x00007a78      0x5aa ./lwip/src/core/inet_chksum.o
 .debug_info    0x00008022       0xcc ./lwip/src/core/init.o
 .debug_info    0x000080ee      0x576 ./lwip/src/core/ip.o
 .debug_info    0x00008664      0x542 ./lwip/src/core/mem.o
 .debug_info    0x00008ba6      0x71f ./lwip/src/core/memp.o
 .debug_info    0x000092c5      0xa6f ./lwip/src/core/netif.o
 .debug_info    0x00009d34      0xb94 ./lwip/src/core/pbuf.o
 .debug_info    0x0000a8c8     0x1872 ./lwip/src/core/tcp.o
 .debug_info    0x0000c13a      0xfbb ./lwip/src/core/tcp_in.o
 .debug_info    0x0000d0f5     0x120f ./lwip/src/core/tcp_out.o
 .debug_info    0x0000e304      0xb7f ./lwip/src/core/timeouts.o
 .debug_info    0x0000ee83      0xec8 ./lwip/src/core/udp.o
 .debug_info    0x0000fd4b     0x12d1 ./lwip/port/ethernetif.o
 .debug_info    0x0001101c      0xafd ./lwip/port/sys_arch.o
 .debug_info    0x00011b19     0x1e8f ./drivers/fsl_clock.o
 .debug_info    0x000139a8      0x5e2 ./drivers/fsl_common.o
 .debug_info    0x00013f8a     0x21e2 ./drivers/fsl_enet.o
 .debug_info    0x0001616c      0x54b ./drivers/fsl_gpio.o
 .debug_info    0x000166b7      0x643 ./drivers/fsl_pit.o
 .debug_info    0x00016cfa     0x1a05 ./drivers/fsl_uart.o
 .debug_info    0x000186ff      0x2c2 ./board/board.o
 .debug_info    0x000189c1      0x619 ./board/clock_config.o
 .debug_info    0x00018fda      0xe94 ./board/fsl_phy.o
 .debug_info    0x00019e6e      0x641 ./board/pin_mux.o

.debug_abbrev   0x00000000     0x45d7
 .debug_abbrev  0x00000000      0x289 ./utilities/fsl_debug_console.o
 .debug_abbrev  0x00000289       0x14 ./startup/startup_MK64F12.o
 .debug_abbrev  0x0000029d      0x115 ./startup/system_MK64F12.o
 .debug_abbrev  0x000003b2      0x24e ./source/lwip_tcpecho_bm.o
 .debug_abbrev  0x00000600      0x21b ./lwip_tcpecho_raw/tcpecho_raw.o
 .debug_abbrev  0x0000081b      0x179 ./lwip/src/netif/ethernet.o
 .debug_abbrev  0x00000994      0x28f ./lwip/src/core/ipv4/dhcp.o
 .debug_abbrev  0x00000c23      0x235 ./lwip/src/core/ipv4/etharp.o
 .debug_abbrev  0x00000e58      0x1e8 ./lwip/src/core/ipv4/icmp.o
 .debug_abbrev  0x00001040      0x1af ./lwip/src/core/ipv4/ip4.o
 .debug_abbrev  0x000011ef      0x20b ./lwip/src/core/ipv4/ip4_addr.o
 .debug_abbrev  0x000013fa      0x243 ./lwip/src/core/ipv4/ip4_frag.o
 .debug_abbrev  0x0000163d       0xa5 ./lwip/src/core/def.o
 .debug_abbrev  0x000016e2      0x162 ./lwip/src/core/inet_chksum.o
 .debug_abbrev  0x00001844       0x76 ./lwip/src/core/init.o
 .debug_abbrev  0x000018ba      0x11f ./lwip/src/core/ip.o
 .debug_abbrev  0x000019d9      0x18c ./lwip/src/core/mem.o
 .debug_abbrev  0x00001b65      0x1de ./lwip/src/core/memp.o
 .debug_abbrev  0x00001d43      0x237 ./lwip/src/core/netif.o
 .debug_abbrev  0x00001f7a      0x1c7 ./lwip/src/core/pbuf.o
 .debug_abbrev  0x00002141      0x33c ./lwip/src/core/tcp.o
 .debug_abbrev  0x0000247d      0x257 ./lwip/src/core/tcp_in.o
 .debug_abbrev  0x000026d4      0x24e ./lwip/src/core/tcp_out.o
 .debug_abbrev  0x00002922      0x252 ./lwip/src/core/timeouts.o
 .debug_abbrev  0x00002b74      0x276 ./lwip/src/core/udp.o
 .debug_abbrev  0x00002dea      0x27b ./lwip/port/ethernetif.o
 .debug_abbrev  0x00003065      0x32d ./lwip/port/sys_arch.o
 .debug_abbrev  0x00003392      0x2c4 ./drivers/fsl_clock.o
 .debug_abbrev  0x00003656      0x163 ./drivers/fsl_common.o
 .debug_abbrev  0x000037b9      0x275 ./drivers/fsl_enet.o
 .debug_abbrev  0x00003a2e      0x190 ./drivers/fsl_gpio.o
 .debug_abbrev  0x00003bbe      0x1ae ./drivers/fsl_pit.o
 .debug_abbrev  0x00003d6c      0x2d4 ./drivers/fsl_uart.o
 .debug_abbrev  0x00004040       0xfb ./board/board.o
 .debug_abbrev  0x0000413b      0x184 ./board/clock_config.o
 .debug_abbrev  0x000042bf      0x1b7 ./board/fsl_phy.o
 .debug_abbrev  0x00004476      0x161 ./board/pin_mux.o

.debug_aranges  0x00000000     0x11f8
 .debug_aranges
                0x00000000       0x90 ./utilities/fsl_debug_console.o
 .debug_aranges
                0x00000090       0x20 ./startup/startup_MK64F12.o
 .debug_aranges
                0x000000b0       0x28 ./startup/system_MK64F12.o
 .debug_aranges
                0x000000d8       0x50 ./source/lwip_tcpecho_bm.o
 .debug_aranges
                0x00000128       0x68 ./lwip_tcpecho_raw/tcpecho_raw.o
 .debug_aranges
                0x00000190       0x20 ./lwip/src/netif/ethernet.o
 .debug_aranges
                0x000001b0      0x140 ./lwip/src/core/ipv4/dhcp.o
 .debug_aranges
                0x000002f0       0x90 ./lwip/src/core/ipv4/etharp.o
 .debug_aranges
                0x00000380       0x38 ./lwip/src/core/ipv4/icmp.o
 .debug_aranges
                0x000003b8       0x40 ./lwip/src/core/ipv4/ip4.o
 .debug_aranges
                0x000003f8       0x48 ./lwip/src/core/ipv4/ip4_addr.o
 .debug_aranges
                0x00000440       0x70 ./lwip/src/core/ipv4/ip4_frag.o
 .debug_aranges
                0x000004b0       0x38 ./lwip/src/core/def.o
 .debug_aranges
                0x000004e8       0x60 ./lwip/src/core/inet_chksum.o
 .debug_aranges
                0x00000548       0x20 ./lwip/src/core/init.o
 .debug_aranges
                0x00000568       0x18 ./lwip/src/core/ip.o
 .debug_aranges
                0x00000580       0x48 ./lwip/src/core/mem.o
 .debug_aranges
                0x000005c8       0x58 ./lwip/src/core/memp.o
 .debug_aranges
                0x00000620       0x90 ./lwip/src/core/netif.o
 .debug_aranges
                0x000006b0       0xd0 ./lwip/src/core/pbuf.o
 .debug_aranges
                0x00000780      0x180 ./lwip/src/core/tcp.o
 .debug_aranges
                0x00000900       0x58 ./lwip/src/core/tcp_in.o
 .debug_aranges
                0x00000958       0x98 ./lwip/src/core/tcp_out.o
 .debug_aranges
                0x000009f0       0x60 ./lwip/src/core/timeouts.o
 .debug_aranges
                0x00000a50       0x98 ./lwip/src/core/udp.o
 .debug_aranges
                0x00000ae8       0x48 ./lwip/port/ethernetif.o
 .debug_aranges
                0x00000b30       0x90 ./lwip/port/sys_arch.o
 .debug_aranges
                0x00000bc0      0x1e8 ./drivers/fsl_clock.o
 .debug_aranges
                0x00000da8       0x28 ./drivers/fsl_common.o
 .debug_aranges
                0x00000dd0      0x130 ./drivers/fsl_enet.o
 .debug_aranges
                0x00000f00       0x40 ./drivers/fsl_gpio.o
 .debug_aranges
                0x00000f40       0x40 ./drivers/fsl_pit.o
 .debug_aranges
                0x00000f80      0x170 ./drivers/fsl_uart.o
 .debug_aranges
                0x000010f0       0x20 ./board/board.o
 .debug_aranges
                0x00001110       0x50 ./board/clock_config.o
 .debug_aranges
                0x00001160       0x68 ./board/fsl_phy.o
 .debug_aranges
                0x000011c8       0x30 ./board/pin_mux.o

.debug_ranges   0x00000000      0xfa8
 .debug_ranges  0x00000000       0x80 ./utilities/fsl_debug_console.o
 .debug_ranges  0x00000080       0x18 ./startup/system_MK64F12.o
 .debug_ranges  0x00000098       0x40 ./source/lwip_tcpecho_bm.o
 .debug_ranges  0x000000d8       0x58 ./lwip_tcpecho_raw/tcpecho_raw.o
 .debug_ranges  0x00000130       0x10 ./lwip/src/netif/ethernet.o
 .debug_ranges  0x00000140      0x130 ./lwip/src/core/ipv4/dhcp.o
 .debug_ranges  0x00000270       0x80 ./lwip/src/core/ipv4/etharp.o
 .debug_ranges  0x000002f0       0x28 ./lwip/src/core/ipv4/icmp.o
 .debug_ranges  0x00000318       0x30 ./lwip/src/core/ipv4/ip4.o
 .debug_ranges  0x00000348       0x38 ./lwip/src/core/ipv4/ip4_addr.o
 .debug_ranges  0x00000380       0x60 ./lwip/src/core/ipv4/ip4_frag.o
 .debug_ranges  0x000003e0       0x28 ./lwip/src/core/def.o
 .debug_ranges  0x00000408       0x50 ./lwip/src/core/inet_chksum.o